******************************************************************************
                  TI ARM Linker PC v5.2.5                      
******************************************************************************
>> Linked Tue Apr 12 16:51:16 2016

OUTPUT FILE NAME:   <FreeRTOS823_3_TM4C1294_Base_Test.out>
ENTRY POINT SYMBOL: "_c_int00"  address: 00007131


MEMORY CONFIGURATION

         name            origin    length      used     unused   attr    fill
----------------------  --------  ---------  --------  --------  ----  --------
  FLASH                 00000000   00100000  00007cd8  000f8328  R  X
  SRAM                  20000000   00040000  0000db88  00032478  RW X


SEGMENT ALLOCATION MAP

run origin  load origin   length   init length attrs members
----------  ----------- ---------- ----------- ----- -------
00000000    00000000    00007ce0   00007ce0    r-x
  00000000    00000000    00000200   00000200    r-- .intvecs
  00000200    00000200    000075dc   000075dc    r-x .text
  000077e0    000077e0    000003dc   000003dc    r-- .const
  00007bc0    00007bc0    00000120   00000120    r-- .cinit
20000000    20000000    0000db88   00000000    rw-
  20000000    20000000    0000c778   00000000    rw- .bss
  2000c778    2000c778    00000800   00000000    rw- .stack
  2000cf78    2000cf78    00000800   00000000    rw- .sysmem
  2000d778    2000d778    00000410   00000000    rw- .data


SECTION ALLOCATION MAP

 output                                  attributes/
section   page    origin      length       input sections
--------  ----  ----------  ----------   ----------------
.intvecs   0    00000000    00000200     
                  00000000    00000200     TM4C_FreeRTOS_Base_Startup.obj (.intvecs)

.text      0    00000200    000075dc     
                  00000200    000017d0     tasks.obj (.text)
                  000019d0    000010ba     rtsv7M4_T_le_v4SPD16_eabi.lib : _printfi.obj (.text)
                  00002a8a    00000002     --HOLE-- [fill = 0]
                  00002a8c    00000a08     queue.obj (.text)
                  00003494    00000538     timers.obj (.text)
                  000039cc    00000498     rtsv7M4_T_le_v4SPD16_eabi.lib : pow.obj (.text)
                  00003e64    000003dc                                   : memory.obj (.text)
                  00004240    0000035c     Task_Simple_ADC.obj (.text)
                  0000459c    0000030c     rtsv7M4_T_le_v4SPD16_eabi.lib : lowlev.obj (.text)
                  000048a8    000002ec                                   : xlog.obj (.text)
                  00004b94    000002d4                                   : trgdrv.obj (.text)
                  00004e68    000001fc     driverlib.lib : sysctl.obj (.text:SysCtlClockFreqSet)
                  00005064    000001fc     rtsv7M4_T_le_v4SPD16_eabi.lib : xexp.obj (.text)
                  00005260    000001f4                                   : ull_div_t2.obj (.text)
                  00005454    000001c4                                   : fopen.obj (.text)
                  00005618    000001b8     heap_2.obj (.text)
                  000057d0    000001b6     rtsv7M4_T_le_v4SPD16_eabi.lib : fd_add_t2.obj (.text)
                  00005986    00000002     --HOLE-- [fill = 0]
                  00005988    00000158     UART.obj (.text)
                  00005ae0    00000144     Task_PID.obj (.text)
                  00005c24    00000136     rtsv7M4_T_le_v4SPD16_eabi.lib : fd_div_t2.obj (.text)
                  00005d5a    00000002     --HOLE-- [fill = 0]
                  00005d5c    00000134     port.obj (.text)
                  00005e90    00000134     rtsv7M4_T_le_v4SPD16_eabi.lib : fputs.obj (.text)
                  00005fc4    00000130     driverlib.lib : gpio.obj (.text:GPIOPadConfigSet)
                  000060f4    0000012a     list.obj (.text)
                  0000621e    00000002     --HOLE-- [fill = 0]
                  00006220    00000110     rtsv7M4_T_le_v4SPD16_eabi.lib : xdscale.obj (.text)
                  00006330    000000fc                                   : fd_mul_t2.obj (.text)
                  0000642c    000000e4     Task_ReportData.obj (.text)
                  00006510    000000dc     rtsv7M4_T_le_v4SPD16_eabi.lib : setvbuf.obj (.text)
                  000065ec    000000d2     portasm.obj (.text)
                  000066be    00000002     --HOLE-- [fill = 0]
                  000066c0    000000c8     rtsv7M4_T_le_v4SPD16_eabi.lib : fflush.obj (.text)
                  00006788    000000c0                                   : xdint.obj (.text)
                  00006848    000000be                                   : xdnorm.obj (.text)
                  00006906    00000002     --HOLE-- [fill = 0]
                  00006908    000000bc     Main_Base_Test.obj (.text)
                  000069c4    000000ac     rtsv7M4_T_le_v4SPD16_eabi.lib : _io_perm.obj (.text)
                  00006a70    0000009c                                   : memcpy_t2.obj (.text)
                  00006b0c    00000098                                   : fclose.obj (.text)
                  00006ba4    00000086                                   : fd_cmp_t2.obj (.text:__aeabi_cdcmple)
                  00006c2a    00000086                                   : fd_cmp_t2.obj (.text:__aeabi_cdrcmple)
                  00006cb0    00000080     driverlib.lib : adc.obj (.text:ADCSequenceStepConfigure)
                  00006d30    0000007a     rtsv7M4_T_le_v4SPD16_eabi.lib : memset_t2.obj (.text)
                  00006daa    00000002     --HOLE-- [fill = 0]
                  00006dac    00000070                                   : printf.obj (.text)
                  00006e1c    0000006c                                   : autoinit.obj (.text)
                  00006e88    0000006a                                   : copy_decompress_rle.obj (.text)
                  00006ef2    00000002     --HOLE-- [fill = 0]
                  00006ef4    00000068                                   : trgmsg.obj (.text)
                  00006f5c    00000066                                   : xdunscal.obj (.text)
                  00006fc2    00000002     --HOLE-- [fill = 0]
                  00006fc4    00000064                                   : fseek.obj (.text)
                  00007028    00000060                                   : sprintf.obj (.text)
                  00007088    00000056                                   : ltoa.obj (.text)
                  000070de    00000052                                   : ldexp.obj (.text)
                  00007130    00000050                                   : boot.obj (.text)
                  00007180    0000004c     Task_Blinky.obj (.text)
                  000071cc    0000004c     rtsv7M4_T_le_v4SPD16_eabi.lib : atoi.obj (.text)
                  00007218    0000004c                                   : cpy_tbl.obj (.text)
                  00007264    00000048     driverlib.lib : sysctl.obj (.text:_SysCtlFrequencyGet)
                  000072ac    00000048     rtsv7M4_T_le_v4SPD16_eabi.lib : fd_toi_t2.obj (.text)
                  000072f4    00000048                                   : fd_tos_t2.obj (.text)
                  0000733c    00000044                                   : exit.obj (.text)
                  00007380    00000040                                   : signal.obj (.text)
                  000073c0    0000003e     driverlib.lib : adc.obj (.text:ADCSequenceConfigure)
                  000073fe    00000002     --HOLE-- [fill = 0]
                  00007400    00000038     Processor_Initialization_TM4C1294.obj (.text)
                  00007438    00000038     rtsv7M4_T_le_v4SPD16_eabi.lib : fs_tod_t2.obj (.text)
                  00007470    00000034     driverlib.lib : sysctl.obj (.text:SysCtlPeripheralEnable)
                  000074a4    00000034     rtsv7M4_T_le_v4SPD16_eabi.lib : feraiseexcept.obj (.text)
                  000074d8    00000030                                   : strncpy.obj (.text)
                  00007508    00000030                                   : xdclass.obj (.text)
                  00007538    00000030                                   : xferaise.obj (.text)
                  00007568    0000002e     driverlib.lib : adc.obj (.text:ADCIntStatus)
                  00007596    0000002e     rtsv7M4_T_le_v4SPD16_eabi.lib : i_tofd_t2.obj (.text)
                  000075c4    0000002e                                   : raise.obj (.text)
                  000075f2    0000002a     driverlib.lib : gpio.obj (.text:GPIODirModeSet)
                  0000761c    0000002a     rtsv7M4_T_le_v4SPD16_eabi.lib : frexp.obj (.text)
                  00007646    00000020                                   : memchr.obj (.text)
                  00007666    0000001e     driverlib.lib : adc.obj (.text:ADCSequenceDataGet)
                  00007684    0000001c                   : sysctl.obj (.text:_SysCtlMemTimingGet)
                  000076a0    0000001c     rtsv7M4_T_le_v4SPD16_eabi.lib : memccpy.obj (.text)
                  000076bc    0000001a                                   : log.obj (.text)
                  000076d6    00000018     driverlib.lib : gpio.obj (.text:GPIOPinTypeGPIOOutput)
                  000076ee    00000002     --HOLE-- [fill = 0]
                  000076f0    00000018     rtsv7M4_T_le_v4SPD16_eabi.lib : args_main.obj (.text)
                  00007708    00000018                                   : strcmp.obj (.text)
                  00007720    00000016     driverlib.lib : adc.obj (.text:ADCProcessorTrigger)
                  00007736    00000016     rtsv7M4_T_le_v4SPD16_eabi.lib : strchr.obj (.text)
                  0000774c    00000014                                   : _lock.obj (.text)
                  00007760    00000014                                   : strcpy.obj (.text)
                  00007774    00000014                                   : strlen.obj (.text)
                  00007788    0000000e     driverlib.lib : adc.obj (.text:ADCSequenceEnable)
                  00007796    0000000e     rtsv7M4_T_le_v4SPD16_eabi.lib : copy_decompress_none.obj (.text:decompress:none)
                  000077a4    0000000c     TM4C_FreeRTOS_Base_Startup.obj (.text)
                  000077b0    0000000c     rtsv7M4_T_le_v4SPD16_eabi.lib : copy_zero_init.obj (.text:decompress:ZI)
                  000077bc    0000000a     driverlib.lib : adc.obj (.text:ADCIntClear)
                  000077c6    00000006                   : gpio.obj (.text:GPIOPinRead)
                  000077cc    00000006                   : gpio.obj (.text:GPIOPinWrite)
                  000077d2    00000006     rtsv7M4_T_le_v4SPD16_eabi.lib : copy_decompress_rle.obj (.text:decompress:rle24)
                  000077d8    00000004                                   : pre_init.obj (.text)

.const     0    000077e0    000003dc     
                  000077e0    00000120     driverlib.lib : sysctl.obj (.const:g_pppui32XTALtoVCO)
                  00007900    00000101     rtsv7M4_T_le_v4SPD16_eabi.lib : ctype.obj (.const:.string:_ctypes_)
                  00007a01    00000001     --HOLE-- [fill = 0]
                  00007a02    00000002     heap_2.obj (.const)
                  00007a04    0000006c     driverlib.lib : sysctl.obj (.const:g_pui32Xtals)
                  00007a70    00000048     rtsv7M4_T_le_v4SPD16_eabi.lib : xexp.obj (.const)
                  00007ab8    00000040     Task_Simple_ADC.obj (.const)
                  00007af8    00000038     rtsv7M4_T_le_v4SPD16_eabi.lib : xlog.obj (.const:p)
                  00007b30    00000030     driverlib.lib : sysctl.obj (.const:g_sXTALtoMEMTIM)
                  00007b60    00000030     rtsv7M4_T_le_v4SPD16_eabi.lib : xdint.obj (.const)
                  00007b90    00000020     Task_PID.obj (.const)
                  00007bb0    00000008     driverlib.lib : sysctl.obj (.const)
                  00007bb8    00000004     port.obj (.const)

.cinit     0    00007bc0    00000120     
                  00007bc0    000000f9     (.cinit..data.load) [load image, compression = rle]
                  00007cb9    00000003     --HOLE-- [fill = 0]
                  00007cbc    0000000c     (__TI_handler_table)
                  00007cc8    00000008     (.cinit..bss.load) [load image, compression = zero_init]
                  00007cd0    00000010     (__TI_cinit_table)

.init_array 
*          0    00000000    00000000     UNINITIALIZED

.bss       0    20000000    0000c778     UNINITIALIZED
                  20000000    0000c350     heap_2.obj (.bss:xHeap)
                  2000c350    00000120     rtsv7M4_T_le_v4SPD16_eabi.lib : trgmsg.obj (.bss:__CIOBUF_)
                  2000c470    00000100     TM4C_FreeRTOS_Base_Startup.obj (.bss:pulStack)
                  2000c570    000000a0     rtsv7M4_T_le_v4SPD16_eabi.lib : defs.obj (.bss:__TI_tmpnams)
                  2000c610    00000064     tasks.obj (.bss:pxReadyTasksLists)
                  2000c674    00000040     queue.obj (.bss:xQueueRegistry)
                  2000c6b4    00000014     (.common:xActiveTimerList1)
                  2000c6c8    00000014     (.common:xActiveTimerList2)
                  2000c6dc    00000014     (.common:xDelayedTaskList1)
                  2000c6f0    00000014     (.common:xDelayedTaskList2)
                  2000c704    00000014     (.common:xPendingReadyList)
                  2000c718    00000014     (.common:xSuspendedTaskList)
                  2000c72c    00000014     (.common:xTasksWaitingTermination)
                  2000c740    00000008     (.common:parmbuf)
                  2000c748    00000008     (.common:xEnd)
                  2000c750    00000008     (.common:xStart)
                  2000c758    00000004     (.common:PIDQueue)
                  2000c75c    00000004     (.common:dataQueue)
                  2000c760    00000004     (.common:pxCurrentTimerList)
                  2000c764    00000004     (.common:pxDelayedTaskList)
                  2000c768    00000004     (.common:pxOverflowDelayedTaskList)
                  2000c76c    00000004     (.common:pxOverflowTimerList)
                  2000c770    00000004     (.common:xSemaphoreData)
                  2000c774    00000004     (.common:xSemaphoreTempData)

.TI.noinit 
*          0    20000000    00000000     UNINITIALIZED

.stack     0    2000c778    00000800     UNINITIALIZED
                  2000c778    00000800     --HOLE--

.sysmem    0    2000cf78    00000800     UNINITIALIZED
                  2000cf78    00000008     rtsv7M4_T_le_v4SPD16_eabi.lib : memory.obj (.sysmem)
                  2000cf80    000007f8     --HOLE--

.data      0    2000d778    00000410     UNINITIALIZED
                  2000d778    000000f0     rtsv7M4_T_le_v4SPD16_eabi.lib : defs.obj (.data:_ftable)
                  2000d868    000000d0                                   : lowlev.obj (.data)
                  2000d938    000000b0                                   : signal.obj (.data:sigtable)
                  2000d9e8    00000080                                   : xvalues.obj (.data)
                  2000da68    00000068                                   : xfvalues.obj (.data)
                  2000dad0    00000030     tasks.obj (.data)
                  2000db00    00000020     Task_Simple_ADC.obj (.data)
                  2000db20    00000010     Processor_Initialization_TM4C1294.obj (.data)
                  2000db30    00000010     rtsv7M4_T_le_v4SPD16_eabi.lib : defs.obj (.data)
                  2000db40    0000000c                                   : memory.obj (.data)
                  2000db4c    00000008     heap_2.obj (.data)
                  2000db54    00000008     port.obj (.data)
                  2000db5c    00000008     rtsv7M4_T_le_v4SPD16_eabi.lib : _lock.obj (.data)
                  2000db64    00000008                                   : exit.obj (.data)
                  2000db6c    00000008                                   : feraiseexcept.obj (.data)
                  2000db74    00000008     timers.obj (.data)
                  2000db7c    00000004     rtsv7M4_T_le_v4SPD16_eabi.lib : errno.obj (.data)
                  2000db80    00000004                                   : fopen.obj (.data)
                  2000db84    00000004                                   : stkdepth_vars.obj (.data)

.TI.persistent 
*          0    2000d778    00000000     UNINITIALIZED


LINKER GENERATED COPY TABLES

__TI_cinit_table @ 00007cd0 records: 2, size/record: 8, table size: 16
	.data: load addr=00007bc0, load size=000000f9 bytes, run addr=2000d778, run size=00000410 bytes, compression=rle
	.bss: load addr=00007cc8, load size=00000008 bytes, run addr=20000000, run size=0000c778 bytes, compression=zero_init


LINKER GENERATED HANDLER TABLE

__TI_handler_table @ 00007cbc records: 3, size/record: 4, table size: 12
	index: 0, handler: __TI_decompress_rle24
	index: 1, handler: __TI_decompress_none
	index: 2, handler: __TI_zero_init


GLOBAL SYMBOLS: SORTED ALPHABETICALLY BY Name 

address   name                             
-------   ----                             
2000db00  A                                
000077bd  ADCIntClear                      
00007569  ADCIntStatus                     
00007721  ADCProcessorTrigger              
000073c1  ADCSequenceConfigure             
00007667  ADCSequenceDataGet               
00007789  ADCSequenceEnable                
00006cb1  ADCSequenceStepConfigure         
2000db04  B                                
2000db08  C                                
0000733d  C$$EXIT                          
00006f23  C$$IO$$                          
000043b3  ConvertKelvinToCelsius           
000043cd  ConvertKelvinToFahrenheit        
00004295  ConvertResistanceToTemperature   
2000db0c  D                                
2000db2c  FPUInitFlag                      
000075f3  GPIODirModeSet                   
00005fc5  GPIOPadConfigSet                 
000077c7  GPIOPinRead                      
000076d7  GPIOPinTypeGPIOOutput            
000077cd  GPIOPinWrite                     
00004241  GetResistanceOfThermistor        
00004e21  HOSTclock                        
00004de9  HOSTclose                        
00004dab  HOSTgetenv                       
00004d4f  HOSTlseek                        
00004cfd  HOSTopen                         
00004cb1  HOSTread                         
00004c53  HOSTrename                       
00004c19  HOSTtime                         
00004be1  HOSTunlink                       
00004b95  HOSTwrite                        
2000c758  PIDQueue                         
2000db24  ProcessorInitFlag                
00007401  Processor_Initialization         
2000db1c  R1                               
000077a5  ResetISR                         
2000db10  Rref                             
UNDEFED   SHT$$INIT_ARRAY$$Base            
UNDEFED   SHT$$INIT_ARRAY$$Limit           
00004e69  SysCtlClockFreqSet               
00007471  SysCtlPeripheralEnable           
00007181  Task_Blink_LED_D1                
00005ae1  Task_PID                         
0000642d  Task_ReportData                  
000043fb  Task_Simple_ADC0_Ch0             
2000db28  UARTStdioInitFlag                
00005a25  UART_InChar                      
00005989  UART_Init                        
00005a39  UART_OutChar                     
00007509  _Dclass                          
2000d9e8  _Denorm                          
00006789  _Dint                            
00006849  _Dnorm                           
00006221  _Dscale                          
00006f5d  _Dunscale                        
2000d9f8  _Eps                             
2000db7c  _Errno                           
00005065  _Exp                             
2000da68  _FDenorm                         
2000da78  _FEps                            
2000da88  _FInf                            
2000da98  _FNan                            
2000dab8  _FRteps                          
2000daa8  _FSnan                           
2000dac8  _FXbig                           
2000dacc  _FZero                           
2000db6c  _Fenv                            
00007539  _Feraise                         
2000da08  _Hugeval                         
2000da18  _Inf                             
000048a9  _Log                             
2000da28  _Nan                             
2000da48  _Rteps                           
2000da38  _Snan                            
2000db70  _Tls_setup__Fenv                 
2000da58  _Xbig                            
2000da60  _Zero                            
2000c350  __CIOBUF_                        
2000cf78  __STACK_END                      
00000800  __STACK_SIZE                     
2000c978  __STACK_TOP                      
00000800  __SYSMEM_SIZE                    
00007cd0  __TI_CINIT_Base                  
00007ce0  __TI_CINIT_Limit                 
00007cbc  __TI_Handler_Table_Base          
00007cc8  __TI_Handler_Table_Limit         
00006e1d  __TI_auto_init                   
0000551d  __TI_cleanup                     
2000db64  __TI_cleanup_ptr                 
00006b0d  __TI_closefile                   
00007797  __TI_decompress_none             
000077d3  __TI_decompress_rle24            
000066c1  __TI_doflush                     
2000db68  __TI_dtors_ptr                   
2000db30  __TI_ft_end                      
00002785  __TI_printfi                     
00006a27  __TI_rd_ok                       
00006f27  __TI_readmsg                     
00000000  __TI_static_base__               
2000c570  __TI_tmpnams                     
00006ef5  __TI_writemsg                    
000069c5  __TI_wrt_ok                      
000077b1  __TI_zero_init                   
00006ba5  __aeabi_cdcmpeq                  
00006ba5  __aeabi_cdcmple                  
00006c2b  __aeabi_cdrcmple                 
000072f5  __aeabi_d2f                      
000072ad  __aeabi_d2iz                     
000057db  __aeabi_dadd                     
00005c25  __aeabi_ddiv                     
00006331  __aeabi_dmul                     
000057d1  __aeabi_dsub                     
00007439  __aeabi_f2d                      
00007597  __aeabi_i2d                      
00006d31  __aeabi_memclr                   
00006d31  __aeabi_memclr4                  
00006d31  __aeabi_memclr8                  
00006a71  __aeabi_memcpy                   
00006a71  __aeabi_memcpy4                  
00006a71  __aeabi_memcpy8                  
00006d33  __aeabi_memset                   
00006d33  __aeabi_memset4                  
00006d33  __aeabi_memset8                  
2000db3c  __aeabi_stderr                   
2000db34  __aeabi_stdin                    
2000db38  __aeabi_stdout                   
00005261  __aeabi_uldivmod                 
ffffffff  __binit__                        
ffffffff  __c_args__                       
2000c778  __stack                          
000076f1  _args_main                       
00007131  _c_int00                         
00007900  _ctypes_                         
2000d778  _ftable                          
2000db5c  _lock                            
0000775b  _nop                             
00007753  _register_lock                   
0000774d  _register_unlock                 
2000cf78  _sys_memory                      
000077d9  _system_pre_init                 
2000db60  _unlock                          
00007341  abort                            
000047fd  add_device                       
000071cd  atoi                             
ffffffff  binit                            
0000420d  calloc                           
000047ad  close                            
00007219  copy_in                          
2000c75c  dataQueue                        
00007349  exit                             
00006b73  fclose                           
000074a5  feraiseexcept                    
00005a93  ferror                           
0000670d  fflush                           
00005a89  fgetc                            
00005573  fopen                            
00005a55  fputc                            
00005e91  fputs                            
00003f5b  free                             
00005549  freopen                          
0000761d  frexp                            
00006fc5  fseek                            
00000000  g_pfnVectors                     
2000db20  g_ulSystemClock                  
000070df  ldexp                            
000076bd  log                              
00004789  lseek                            
00007089  ltoa                             
00006909  main                             
2000db84  main_func_sp                     
00003ef3  malloc                           
00004129  memalign                         
000076a1  memccpy                          
00007647  memchr                           
00006a71  memcpy                           
00006d39  memset                           
00003e65  minit                            
000046db  open                             
00003591  pcTimerGetTimerName              
000039cd  pow                              
00006db5  printf                           
00005f9d  puts                             
00005619  pvPortMalloc                     
0000150f  pvTaskIncrementMutexHeldCount    
0000397d  pvTimerGetTimerID                
2000dad0  pxCurrentTCB                     
00005d5d  pxPortInitialiseStack            
000075c5  raise                            
000046b7  read                             
0000401d  realloc                          
2000db18  refVoltage                       
0000462d  remove                           
0000468f  remove_device                    
00004651  rename                           
2000db14  resolution                       
00006511  setvbuf                          
00007381  signal                           
00007029  sprintf                          
00007737  strchr                           
00007709  strcmp                           
00007761  strcpy                           
00007775  strlen                           
000074d9  strncpy                          
000031ad  ucQueueGetQueueType              
00007bb8  ulMaxSyscallInterruptPriority    
000065fd  ulPortGetIPSR                    
00001527  ulTaskNotifyTake                 
0000462d  unlink                           
000061d7  uxListRemove                     
0000318d  uxQueueGetQueueNumber            
0000312f  uxQueueMessagesWaiting           
00003165  uxQueueMessagesWaitingFromISR    
00003145  uxQueueSpacesAvailable           
000009f5  uxTaskGetNumberOfTasks           
00000a05  uxTaskGetSystemState             
00000f37  uxTaskGetTaskNumber              
000004bb  uxTaskPriorityGet                
000004ed  uxTaskPriorityGetFromISR         
000014ed  uxTaskResetEventItemValue        
000060f5  vListInitialise                  
00006125  vListInitialiseItem              
00006171  vListInsert                      
00006135  vListInsertEnd                   
000066b1  vPortEnableVFP                   
00005df9  vPortEndScheduler                
00005dfb  vPortEnterCritical               
00005e1b  vPortExitCritical                
00005745  vPortFree                        
000057ad  vPortInitialiseBlocks            
00006675  vPortSVCHandler                  
00005e5f  vPortSetupTimerInterrupt         
00006695  vPortStartFirstTask              
000033bb  vQueueAddToRegistry              
00003177  vQueueDelete                     
0000319b  vQueueSetQueueNumber             
000033fd  vQueueUnregisterQueue            
00003437  vQueueWaitForMessageRestricted   
0000045f  vTaskDelay                       
000003b7  vTaskDelayUntil                  
0000031b  vTaskDelete                      
000008c1  vTaskEndScheduler                
00000f2f  vTaskMissedYield                 
000018d9  vTaskNotifyGiveFromISR           
00000c65  vTaskPlaceOnEventList            
00000d3d  vTaskPlaceOnEventListRestricted  
00000cc5  vTaskPlaceOnUnorderedEventList   
00001395  vTaskPriorityInherit             
00000541  vTaskPrioritySet                 
00000749  vTaskResume                      
00000f5d  vTaskSetTaskNumber               
00000e8f  vTaskSetTimeOutState             
0000085d  vTaskStartScheduler              
00000655  vTaskSuspend                     
000008e1  vTaskSuspendAll                  
00000bf9  vTaskSwitchContext               
00003997  vTimerSetTimerID                 
0000459d  write                            
000057a7  xPortGetFreeHeapSize             
00006615  xPortPendSVHandler               
00005dc3  xPortStartScheduler              
2000db58  xPortSysTickCount                
00005e31  xPortSysTickHandler              
00002c95  xQueueCreateCountingSemaphore    
00002b99  xQueueCreateMutex                
00002b29  xQueueGenericCreate              
00002ee9  xQueueGenericReceive             
00002a8d  xQueueGenericReset               
00002cb5  xQueueGenericSend                
00002ddd  xQueueGenericSendFromISR         
00002e69  xQueueGiveFromISR                
00002c0f  xQueueGiveMutexRecursive         
00003357  xQueueIsQueueEmptyFromISR        
00003399  xQueueIsQueueFullFromISR         
000030dd  xQueuePeekFromISR                
00003057  xQueueReceiveFromISR             
2000c674  xQueueRegistry                   
00002c4b  xQueueTakeMutexRecursive         
2000c770  xSemaphoreData                   
2000c774  xSemaphoreTempData               
00000eb5  xTaskCheckForTimeOut             
00000201  xTaskGenericCreate               
000016df  xTaskGenericNotify               
000017d1  xTaskGenericNotifyFromISR        
00001349  xTaskGetCurrentTaskHandle        
00001361  xTaskGetSchedulerState           
000009d1  xTaskGetTickCount                
000009e1  xTaskGetTickCountFromISR         
00000ad5  xTaskIncrementTick               
0000197f  xTaskNotifyStateClear            
000015f5  xTaskNotifyWait                  
0000144f  xTaskPriorityDisinherit          
00000da1  xTaskRemoveFromEventList         
00000e21  xTaskRemoveFromUnorderedEventList
000008f5  xTaskResumeAll                   
000007cb  xTaskResumeFromISR               
000034cf  xTimerCreate                     
00003495  xTimerCreateTimerTask            
00003523  xTimerGenericCommand             
00003951  xTimerIsTimerActive              


GLOBAL SYMBOLS: SORTED BY Symbol Address 

address   name                             
-------   ----                             
00000000  __TI_static_base__               
00000000  g_pfnVectors                     
00000201  xTaskGenericCreate               
0000031b  vTaskDelete                      
000003b7  vTaskDelayUntil                  
0000045f  vTaskDelay                       
000004bb  uxTaskPriorityGet                
000004ed  uxTaskPriorityGetFromISR         
00000541  vTaskPrioritySet                 
00000655  vTaskSuspend                     
00000749  vTaskResume                      
000007cb  xTaskResumeFromISR               
00000800  __STACK_SIZE                     
00000800  __SYSMEM_SIZE                    
0000085d  vTaskStartScheduler              
000008c1  vTaskEndScheduler                
000008e1  vTaskSuspendAll                  
000008f5  xTaskResumeAll                   
000009d1  xTaskGetTickCount                
000009e1  xTaskGetTickCountFromISR         
000009f5  uxTaskGetNumberOfTasks           
00000a05  uxTaskGetSystemState             
00000ad5  xTaskIncrementTick               
00000bf9  vTaskSwitchContext               
00000c65  vTaskPlaceOnEventList            
00000cc5  vTaskPlaceOnUnorderedEventList   
00000d3d  vTaskPlaceOnEventListRestricted  
00000da1  xTaskRemoveFromEventList         
00000e21  xTaskRemoveFromUnorderedEventList
00000e8f  vTaskSetTimeOutState             
00000eb5  xTaskCheckForTimeOut             
00000f2f  vTaskMissedYield                 
00000f37  uxTaskGetTaskNumber              
00000f5d  vTaskSetTaskNumber               
00001349  xTaskGetCurrentTaskHandle        
00001361  xTaskGetSchedulerState           
00001395  vTaskPriorityInherit             
0000144f  xTaskPriorityDisinherit          
000014ed  uxTaskResetEventItemValue        
0000150f  pvTaskIncrementMutexHeldCount    
00001527  ulTaskNotifyTake                 
000015f5  xTaskNotifyWait                  
000016df  xTaskGenericNotify               
000017d1  xTaskGenericNotifyFromISR        
000018d9  vTaskNotifyGiveFromISR           
0000197f  xTaskNotifyStateClear            
00002785  __TI_printfi                     
00002a8d  xQueueGenericReset               
00002b29  xQueueGenericCreate              
00002b99  xQueueCreateMutex                
00002c0f  xQueueGiveMutexRecursive         
00002c4b  xQueueTakeMutexRecursive         
00002c95  xQueueCreateCountingSemaphore    
00002cb5  xQueueGenericSend                
00002ddd  xQueueGenericSendFromISR         
00002e69  xQueueGiveFromISR                
00002ee9  xQueueGenericReceive             
00003057  xQueueReceiveFromISR             
000030dd  xQueuePeekFromISR                
0000312f  uxQueueMessagesWaiting           
00003145  uxQueueSpacesAvailable           
00003165  uxQueueMessagesWaitingFromISR    
00003177  vQueueDelete                     
0000318d  uxQueueGetQueueNumber            
0000319b  vQueueSetQueueNumber             
000031ad  ucQueueGetQueueType              
00003357  xQueueIsQueueEmptyFromISR        
00003399  xQueueIsQueueFullFromISR         
000033bb  vQueueAddToRegistry              
000033fd  vQueueUnregisterQueue            
00003437  vQueueWaitForMessageRestricted   
00003495  xTimerCreateTimerTask            
000034cf  xTimerCreate                     
00003523  xTimerGenericCommand             
00003591  pcTimerGetTimerName              
00003951  xTimerIsTimerActive              
0000397d  pvTimerGetTimerID                
00003997  vTimerSetTimerID                 
000039cd  pow                              
00003e65  minit                            
00003ef3  malloc                           
00003f5b  free                             
0000401d  realloc                          
00004129  memalign                         
0000420d  calloc                           
00004241  GetResistanceOfThermistor        
00004295  ConvertResistanceToTemperature   
000043b3  ConvertKelvinToCelsius           
000043cd  ConvertKelvinToFahrenheit        
000043fb  Task_Simple_ADC0_Ch0             
0000459d  write                            
0000462d  remove                           
0000462d  unlink                           
00004651  rename                           
0000468f  remove_device                    
000046b7  read                             
000046db  open                             
00004789  lseek                            
000047ad  close                            
000047fd  add_device                       
000048a9  _Log                             
00004b95  HOSTwrite                        
00004be1  HOSTunlink                       
00004c19  HOSTtime                         
00004c53  HOSTrename                       
00004cb1  HOSTread                         
00004cfd  HOSTopen                         
00004d4f  HOSTlseek                        
00004dab  HOSTgetenv                       
00004de9  HOSTclose                        
00004e21  HOSTclock                        
00004e69  SysCtlClockFreqSet               
00005065  _Exp                             
00005261  __aeabi_uldivmod                 
0000551d  __TI_cleanup                     
00005549  freopen                          
00005573  fopen                            
00005619  pvPortMalloc                     
00005745  vPortFree                        
000057a7  xPortGetFreeHeapSize             
000057ad  vPortInitialiseBlocks            
000057d1  __aeabi_dsub                     
000057db  __aeabi_dadd                     
00005989  UART_Init                        
00005a25  UART_InChar                      
00005a39  UART_OutChar                     
00005a55  fputc                            
00005a89  fgetc                            
00005a93  ferror                           
00005ae1  Task_PID                         
00005c25  __aeabi_ddiv                     
00005d5d  pxPortInitialiseStack            
00005dc3  xPortStartScheduler              
00005df9  vPortEndScheduler                
00005dfb  vPortEnterCritical               
00005e1b  vPortExitCritical                
00005e31  xPortSysTickHandler              
00005e5f  vPortSetupTimerInterrupt         
00005e91  fputs                            
00005f9d  puts                             
00005fc5  GPIOPadConfigSet                 
000060f5  vListInitialise                  
00006125  vListInitialiseItem              
00006135  vListInsertEnd                   
00006171  vListInsert                      
000061d7  uxListRemove                     
00006221  _Dscale                          
00006331  __aeabi_dmul                     
0000642d  Task_ReportData                  
00006511  setvbuf                          
000065fd  ulPortGetIPSR                    
00006615  xPortPendSVHandler               
00006675  vPortSVCHandler                  
00006695  vPortStartFirstTask              
000066b1  vPortEnableVFP                   
000066c1  __TI_doflush                     
0000670d  fflush                           
00006789  _Dint                            
00006849  _Dnorm                           
00006909  main                             
000069c5  __TI_wrt_ok                      
00006a27  __TI_rd_ok                       
00006a71  __aeabi_memcpy                   
00006a71  __aeabi_memcpy4                  
00006a71  __aeabi_memcpy8                  
00006a71  memcpy                           
00006b0d  __TI_closefile                   
00006b73  fclose                           
00006ba5  __aeabi_cdcmpeq                  
00006ba5  __aeabi_cdcmple                  
00006c2b  __aeabi_cdrcmple                 
00006cb1  ADCSequenceStepConfigure         
00006d31  __aeabi_memclr                   
00006d31  __aeabi_memclr4                  
00006d31  __aeabi_memclr8                  
00006d33  __aeabi_memset                   
00006d33  __aeabi_memset4                  
00006d33  __aeabi_memset8                  
00006d39  memset                           
00006db5  printf                           
00006e1d  __TI_auto_init                   
00006ef5  __TI_writemsg                    
00006f23  C$$IO$$                          
00006f27  __TI_readmsg                     
00006f5d  _Dunscale                        
00006fc5  fseek                            
00007029  sprintf                          
00007089  ltoa                             
000070df  ldexp                            
00007131  _c_int00                         
00007181  Task_Blink_LED_D1                
000071cd  atoi                             
00007219  copy_in                          
000072ad  __aeabi_d2iz                     
000072f5  __aeabi_d2f                      
0000733d  C$$EXIT                          
00007341  abort                            
00007349  exit                             
00007381  signal                           
000073c1  ADCSequenceConfigure             
00007401  Processor_Initialization         
00007439  __aeabi_f2d                      
00007471  SysCtlPeripheralEnable           
000074a5  feraiseexcept                    
000074d9  strncpy                          
00007509  _Dclass                          
00007539  _Feraise                         
00007569  ADCIntStatus                     
00007597  __aeabi_i2d                      
000075c5  raise                            
000075f3  GPIODirModeSet                   
0000761d  frexp                            
00007647  memchr                           
00007667  ADCSequenceDataGet               
000076a1  memccpy                          
000076bd  log                              
000076d7  GPIOPinTypeGPIOOutput            
000076f1  _args_main                       
00007709  strcmp                           
00007721  ADCProcessorTrigger              
00007737  strchr                           
0000774d  _register_unlock                 
00007753  _register_lock                   
0000775b  _nop                             
00007761  strcpy                           
00007775  strlen                           
00007789  ADCSequenceEnable                
00007797  __TI_decompress_none             
000077a5  ResetISR                         
000077b1  __TI_zero_init                   
000077bd  ADCIntClear                      
000077c7  GPIOPinRead                      
000077cd  GPIOPinWrite                     
000077d3  __TI_decompress_rle24            
000077d9  _system_pre_init                 
00007900  _ctypes_                         
00007bb8  ulMaxSyscallInterruptPriority    
00007cbc  __TI_Handler_Table_Base          
00007cc8  __TI_Handler_Table_Limit         
00007cd0  __TI_CINIT_Base                  
00007ce0  __TI_CINIT_Limit                 
2000c350  __CIOBUF_                        
2000c570  __TI_tmpnams                     
2000c674  xQueueRegistry                   
2000c758  PIDQueue                         
2000c75c  dataQueue                        
2000c770  xSemaphoreData                   
2000c774  xSemaphoreTempData               
2000c778  __stack                          
2000c978  __STACK_TOP                      
2000cf78  __STACK_END                      
2000cf78  _sys_memory                      
2000d778  _ftable                          
2000d9e8  _Denorm                          
2000d9f8  _Eps                             
2000da08  _Hugeval                         
2000da18  _Inf                             
2000da28  _Nan                             
2000da38  _Snan                            
2000da48  _Rteps                           
2000da58  _Xbig                            
2000da60  _Zero                            
2000da68  _FDenorm                         
2000da78  _FEps                            
2000da88  _FInf                            
2000da98  _FNan                            
2000daa8  _FSnan                           
2000dab8  _FRteps                          
2000dac8  _FXbig                           
2000dacc  _FZero                           
2000dad0  pxCurrentTCB                     
2000db00  A                                
2000db04  B                                
2000db08  C                                
2000db0c  D                                
2000db10  Rref                             
2000db14  resolution                       
2000db18  refVoltage                       
2000db1c  R1                               
2000db20  g_ulSystemClock                  
2000db24  ProcessorInitFlag                
2000db28  UARTStdioInitFlag                
2000db2c  FPUInitFlag                      
2000db30  __TI_ft_end                      
2000db34  __aeabi_stdin                    
2000db38  __aeabi_stdout                   
2000db3c  __aeabi_stderr                   
2000db58  xPortSysTickCount                
2000db5c  _lock                            
2000db60  _unlock                          
2000db64  __TI_cleanup_ptr                 
2000db68  __TI_dtors_ptr                   
2000db6c  _Fenv                            
2000db70  _Tls_setup__Fenv                 
2000db7c  _Errno                           
2000db84  main_func_sp                     
ffffffff  __binit__                        
ffffffff  __c_args__                       
ffffffff  binit                            
UNDEFED   SHT$$INIT_ARRAY$$Base            
UNDEFED   SHT$$INIT_ARRAY$$Limit           

[301 symbols]
