<?xml version="1.0"?>
<link_info>
   <banner>TI ARM Linker PC v5.2.5</banner>
   <copyright>Copyright (c) 1996-2015 Texas Instruments Incorporated</copyright>
   <link_time>0x570d6dd4</link_time>
   <link_errors>0x0</link_errors>
   <output_file>FreeRTOS823_3_TM4C1294_Base_Test.out</output_file>
   <entry_point>
      <name>_c_int00</name>
      <address>0x7131</address>
   </entry_point>
   <input_file_list>
      <input_file id="fl-2">
         <path>.\</path>
         <kind>object</kind>
         <file>Main_Base_Test.obj</file>
         <name>Main_Base_Test.obj</name>
      </input_file>
      <input_file id="fl-3">
         <path>.\</path>
         <kind>object</kind>
         <file>TM4C_FreeRTOS_Base_Startup.obj</file>
         <name>TM4C_FreeRTOS_Base_Startup.obj</name>
      </input_file>
      <input_file id="fl-4">
         <path>.\</path>
         <kind>object</kind>
         <file>heap_2.obj</file>
         <name>heap_2.obj</name>
      </input_file>
      <input_file id="fl-5">
         <path>.\Tasks\</path>
         <kind>object</kind>
         <file>Task_Blinky.obj</file>
         <name>Task_Blinky.obj</name>
      </input_file>
      <input_file id="fl-6">
         <path>.\Tasks\</path>
         <kind>object</kind>
         <file>Task_HeaterOn.obj</file>
         <name>Task_HeaterOn.obj</name>
      </input_file>
      <input_file id="fl-7">
         <path>.\Tasks\</path>
         <kind>object</kind>
         <file>Task_PID.obj</file>
         <name>Task_PID.obj</name>
      </input_file>
      <input_file id="fl-8">
         <path>.\Tasks\</path>
         <kind>object</kind>
         <file>Task_ReportData.obj</file>
         <name>Task_ReportData.obj</name>
      </input_file>
      <input_file id="fl-9">
         <path>.\Tasks\</path>
         <kind>object</kind>
         <file>Task_Simple_ADC.obj</file>
         <name>Task_Simple_ADC.obj</name>
      </input_file>
      <input_file id="fl-a">
         <path>.\Source\</path>
         <kind>object</kind>
         <file>croutine.obj</file>
         <name>croutine.obj</name>
      </input_file>
      <input_file id="fl-b">
         <path>.\Source\</path>
         <kind>object</kind>
         <file>event_groups.obj</file>
         <name>event_groups.obj</name>
      </input_file>
      <input_file id="fl-c">
         <path>.\Source\</path>
         <kind>object</kind>
         <file>list.obj</file>
         <name>list.obj</name>
      </input_file>
      <input_file id="fl-d">
         <path>.\Source\</path>
         <kind>object</kind>
         <file>queue.obj</file>
         <name>queue.obj</name>
      </input_file>
      <input_file id="fl-e">
         <path>.\Source\</path>
         <kind>object</kind>
         <file>tasks.obj</file>
         <name>tasks.obj</name>
      </input_file>
      <input_file id="fl-f">
         <path>.\Source\</path>
         <kind>object</kind>
         <file>timers.obj</file>
         <name>timers.obj</name>
      </input_file>
      <input_file id="fl-10">
         <path>.\Source\portable\CCS\ARM_CM4F\</path>
         <kind>object</kind>
         <file>port.obj</file>
         <name>port.obj</name>
      </input_file>
      <input_file id="fl-11">
         <path>.\Source\portable\CCS\ARM_CM4F\</path>
         <kind>object</kind>
         <file>portasm.obj</file>
         <name>portasm.obj</name>
      </input_file>
      <input_file id="fl-12">
         <path>.\Drivers\</path>
         <kind>object</kind>
         <file>Processor_Initialization_TM4C1294.obj</file>
         <name>Processor_Initialization_TM4C1294.obj</name>
      </input_file>
      <input_file id="fl-13">
         <path>.\Drivers\</path>
         <kind>object</kind>
         <file>UART.obj</file>
         <name>UART.obj</name>
      </input_file>
      <input_file id="fl-13a">
         <path>C:\ti\ccsv6\tools\compiler\ti-cgt-arm_5.2.5\lib\</path>
         <kind>archive</kind>
         <file>rtsv7M4_T_le_v4SPD16_eabi.lib</file>
         <name>boot.obj</name>
      </input_file>
      <input_file id="fl-13b">
         <path>C:\ti\ccsv6\tools\compiler\ti-cgt-arm_5.2.5\lib\</path>
         <kind>archive</kind>
         <file>rtsv7M4_T_le_v4SPD16_eabi.lib</file>
         <name>copy_decompress_none.obj</name>
      </input_file>
      <input_file id="fl-13c">
         <path>C:\ti\ccsv6\tools\compiler\ti-cgt-arm_5.2.5\lib\</path>
         <kind>archive</kind>
         <file>rtsv7M4_T_le_v4SPD16_eabi.lib</file>
         <name>copy_decompress_rle.obj</name>
      </input_file>
      <input_file id="fl-13d">
         <path>C:\ti\ccsv6\tools\compiler\ti-cgt-arm_5.2.5\lib\</path>
         <kind>archive</kind>
         <file>rtsv7M4_T_le_v4SPD16_eabi.lib</file>
         <name>copy_zero_init.obj</name>
      </input_file>
      <input_file id="fl-13e">
         <path>C:\ti\ccsv6\tools\compiler\ti-cgt-arm_5.2.5\lib\</path>
         <kind>archive</kind>
         <file>rtsv7M4_T_le_v4SPD16_eabi.lib</file>
         <name>exit.obj</name>
      </input_file>
      <input_file id="fl-13f">
         <path>C:\ti\ccsv6\tools\compiler\ti-cgt-arm_5.2.5\lib\</path>
         <kind>archive</kind>
         <file>rtsv7M4_T_le_v4SPD16_eabi.lib</file>
         <name>fd_add_t2.obj</name>
      </input_file>
      <input_file id="fl-140">
         <path>C:\ti\ccsv6\tools\compiler\ti-cgt-arm_5.2.5\lib\</path>
         <kind>archive</kind>
         <file>rtsv7M4_T_le_v4SPD16_eabi.lib</file>
         <name>fd_div_t2.obj</name>
      </input_file>
      <input_file id="fl-141">
         <path>C:\ti\ccsv6\tools\compiler\ti-cgt-arm_5.2.5\lib\</path>
         <kind>archive</kind>
         <file>rtsv7M4_T_le_v4SPD16_eabi.lib</file>
         <name>fd_mul_t2.obj</name>
      </input_file>
      <input_file id="fl-142">
         <path>C:\ti\ccsv6\tools\compiler\ti-cgt-arm_5.2.5\lib\</path>
         <kind>archive</kind>
         <file>rtsv7M4_T_le_v4SPD16_eabi.lib</file>
         <name>fd_tos_t2.obj</name>
      </input_file>
      <input_file id="fl-143">
         <path>C:\ti\ccsv6\tools\compiler\ti-cgt-arm_5.2.5\lib\</path>
         <kind>archive</kind>
         <file>rtsv7M4_T_le_v4SPD16_eabi.lib</file>
         <name>fs_tod_t2.obj</name>
      </input_file>
      <input_file id="fl-144">
         <path>C:\ti\ccsv6\tools\compiler\ti-cgt-arm_5.2.5\lib\</path>
         <kind>archive</kind>
         <file>rtsv7M4_T_le_v4SPD16_eabi.lib</file>
         <name>log.obj</name>
      </input_file>
      <input_file id="fl-145">
         <path>C:\ti\ccsv6\tools\compiler\ti-cgt-arm_5.2.5\lib\</path>
         <kind>archive</kind>
         <file>rtsv7M4_T_le_v4SPD16_eabi.lib</file>
         <name>memcpy_t2.obj</name>
      </input_file>
      <input_file id="fl-146">
         <path>C:\ti\ccsv6\tools\compiler\ti-cgt-arm_5.2.5\lib\</path>
         <kind>archive</kind>
         <file>rtsv7M4_T_le_v4SPD16_eabi.lib</file>
         <name>memset_t2.obj</name>
      </input_file>
      <input_file id="fl-147">
         <path>C:\ti\ccsv6\tools\compiler\ti-cgt-arm_5.2.5\lib\</path>
         <kind>archive</kind>
         <file>rtsv7M4_T_le_v4SPD16_eabi.lib</file>
         <name>pow.obj</name>
      </input_file>
      <input_file id="fl-148">
         <path>C:\ti\ccsv6\tools\compiler\ti-cgt-arm_5.2.5\lib\</path>
         <kind>archive</kind>
         <file>rtsv7M4_T_le_v4SPD16_eabi.lib</file>
         <name>pre_init.obj</name>
      </input_file>
      <input_file id="fl-149">
         <path>C:\ti\ccsv6\tools\compiler\ti-cgt-arm_5.2.5\lib\</path>
         <kind>archive</kind>
         <file>rtsv7M4_T_le_v4SPD16_eabi.lib</file>
         <name>printf.obj</name>
      </input_file>
      <input_file id="fl-14a">
         <path>C:\ti\ccsv6\tools\compiler\ti-cgt-arm_5.2.5\lib\</path>
         <kind>archive</kind>
         <file>rtsv7M4_T_le_v4SPD16_eabi.lib</file>
         <name>sprintf.obj</name>
      </input_file>
      <input_file id="fl-14b">
         <path>C:\ti\ccsv6\tools\compiler\ti-cgt-arm_5.2.5\lib\</path>
         <kind>archive</kind>
         <file>rtsv7M4_T_le_v4SPD16_eabi.lib</file>
         <name>stkdepth_vars.obj</name>
      </input_file>
      <input_file id="fl-14c">
         <path>C:\ti\ccsv6\tools\compiler\ti-cgt-arm_5.2.5\lib\</path>
         <kind>archive</kind>
         <file>rtsv7M4_T_le_v4SPD16_eabi.lib</file>
         <name>xdint.obj</name>
      </input_file>
      <input_file id="fl-14d">
         <path>C:\ti\ccsv6\tools\compiler\ti-cgt-arm_5.2.5\lib\</path>
         <kind>archive</kind>
         <file>rtsv7M4_T_le_v4SPD16_eabi.lib</file>
         <name>xdunscal.obj</name>
      </input_file>
      <input_file id="fl-14e">
         <path>C:\ti\ccsv6\tools\compiler\ti-cgt-arm_5.2.5\lib\</path>
         <kind>archive</kind>
         <file>rtsv7M4_T_le_v4SPD16_eabi.lib</file>
         <name>xexp.obj</name>
      </input_file>
      <input_file id="fl-14f">
         <path>C:\ti\ccsv6\tools\compiler\ti-cgt-arm_5.2.5\lib\</path>
         <kind>archive</kind>
         <file>rtsv7M4_T_le_v4SPD16_eabi.lib</file>
         <name>xferaise.obj</name>
      </input_file>
      <input_file id="fl-150">
         <path>C:\ti\ccsv6\tools\compiler\ti-cgt-arm_5.2.5\lib\</path>
         <kind>archive</kind>
         <file>rtsv7M4_T_le_v4SPD16_eabi.lib</file>
         <name>xlog.obj</name>
      </input_file>
      <input_file id="fl-151">
         <path>C:\ti\ccsv6\tools\compiler\ti-cgt-arm_5.2.5\lib\</path>
         <kind>archive</kind>
         <file>rtsv7M4_T_le_v4SPD16_eabi.lib</file>
         <name>xvalues.obj</name>
      </input_file>
      <input_file id="fl-152">
         <path>C:\ti\ccsv6\tools\compiler\ti-cgt-arm_5.2.5\lib\</path>
         <kind>archive</kind>
         <file>rtsv7M4_T_le_v4SPD16_eabi.lib</file>
         <name>_lock.obj</name>
      </input_file>
      <input_file id="fl-153">
         <path>C:\ti\ccsv6\tools\compiler\ti-cgt-arm_5.2.5\lib\</path>
         <kind>archive</kind>
         <file>rtsv7M4_T_le_v4SPD16_eabi.lib</file>
         <name>_printfi.obj</name>
      </input_file>
      <input_file id="fl-154">
         <path>C:\ti\ccsv6\tools\compiler\ti-cgt-arm_5.2.5\lib\</path>
         <kind>archive</kind>
         <file>rtsv7M4_T_le_v4SPD16_eabi.lib</file>
         <name>args_main.obj</name>
      </input_file>
      <input_file id="fl-155">
         <path>C:\ti\ccsv6\tools\compiler\ti-cgt-arm_5.2.5\lib\</path>
         <kind>archive</kind>
         <file>rtsv7M4_T_le_v4SPD16_eabi.lib</file>
         <name>atoi.obj</name>
      </input_file>
      <input_file id="fl-156">
         <path>C:\ti\ccsv6\tools\compiler\ti-cgt-arm_5.2.5\lib\</path>
         <kind>archive</kind>
         <file>rtsv7M4_T_le_v4SPD16_eabi.lib</file>
         <name>autoinit.obj</name>
      </input_file>
      <input_file id="fl-157">
         <path>C:\ti\ccsv6\tools\compiler\ti-cgt-arm_5.2.5\lib\</path>
         <kind>archive</kind>
         <file>rtsv7M4_T_le_v4SPD16_eabi.lib</file>
         <name>cpy_tbl.obj</name>
      </input_file>
      <input_file id="fl-158">
         <path>C:\ti\ccsv6\tools\compiler\ti-cgt-arm_5.2.5\lib\</path>
         <kind>archive</kind>
         <file>rtsv7M4_T_le_v4SPD16_eabi.lib</file>
         <name>ctype.obj</name>
      </input_file>
      <input_file id="fl-159">
         <path>C:\ti\ccsv6\tools\compiler\ti-cgt-arm_5.2.5\lib\</path>
         <kind>archive</kind>
         <file>rtsv7M4_T_le_v4SPD16_eabi.lib</file>
         <name>defs.obj</name>
      </input_file>
      <input_file id="fl-15a">
         <path>C:\ti\ccsv6\tools\compiler\ti-cgt-arm_5.2.5\lib\</path>
         <kind>archive</kind>
         <file>rtsv7M4_T_le_v4SPD16_eabi.lib</file>
         <name>errno.obj</name>
      </input_file>
      <input_file id="fl-15b">
         <path>C:\ti\ccsv6\tools\compiler\ti-cgt-arm_5.2.5\lib\</path>
         <kind>archive</kind>
         <file>rtsv7M4_T_le_v4SPD16_eabi.lib</file>
         <name>fd_cmp_t2.obj</name>
      </input_file>
      <input_file id="fl-15c">
         <path>C:\ti\ccsv6\tools\compiler\ti-cgt-arm_5.2.5\lib\</path>
         <kind>archive</kind>
         <file>rtsv7M4_T_le_v4SPD16_eabi.lib</file>
         <name>fd_toi_t2.obj</name>
      </input_file>
      <input_file id="fl-15d">
         <path>C:\ti\ccsv6\tools\compiler\ti-cgt-arm_5.2.5\lib\</path>
         <kind>archive</kind>
         <file>rtsv7M4_T_le_v4SPD16_eabi.lib</file>
         <name>feraiseexcept.obj</name>
      </input_file>
      <input_file id="fl-15e">
         <path>C:\ti\ccsv6\tools\compiler\ti-cgt-arm_5.2.5\lib\</path>
         <kind>archive</kind>
         <file>rtsv7M4_T_le_v4SPD16_eabi.lib</file>
         <name>fputs.obj</name>
      </input_file>
      <input_file id="fl-15f">
         <path>C:\ti\ccsv6\tools\compiler\ti-cgt-arm_5.2.5\lib\</path>
         <kind>archive</kind>
         <file>rtsv7M4_T_le_v4SPD16_eabi.lib</file>
         <name>frexp.obj</name>
      </input_file>
      <input_file id="fl-160">
         <path>C:\ti\ccsv6\tools\compiler\ti-cgt-arm_5.2.5\lib\</path>
         <kind>archive</kind>
         <file>rtsv7M4_T_le_v4SPD16_eabi.lib</file>
         <name>i_tofd_t2.obj</name>
      </input_file>
      <input_file id="fl-161">
         <path>C:\ti\ccsv6\tools\compiler\ti-cgt-arm_5.2.5\lib\</path>
         <kind>archive</kind>
         <file>rtsv7M4_T_le_v4SPD16_eabi.lib</file>
         <name>ldexp.obj</name>
      </input_file>
      <input_file id="fl-162">
         <path>C:\ti\ccsv6\tools\compiler\ti-cgt-arm_5.2.5\lib\</path>
         <kind>archive</kind>
         <file>rtsv7M4_T_le_v4SPD16_eabi.lib</file>
         <name>lowlev.obj</name>
      </input_file>
      <input_file id="fl-163">
         <path>C:\ti\ccsv6\tools\compiler\ti-cgt-arm_5.2.5\lib\</path>
         <kind>archive</kind>
         <file>rtsv7M4_T_le_v4SPD16_eabi.lib</file>
         <name>ltoa.obj</name>
      </input_file>
      <input_file id="fl-164">
         <path>C:\ti\ccsv6\tools\compiler\ti-cgt-arm_5.2.5\lib\</path>
         <kind>archive</kind>
         <file>rtsv7M4_T_le_v4SPD16_eabi.lib</file>
         <name>memccpy.obj</name>
      </input_file>
      <input_file id="fl-165">
         <path>C:\ti\ccsv6\tools\compiler\ti-cgt-arm_5.2.5\lib\</path>
         <kind>archive</kind>
         <file>rtsv7M4_T_le_v4SPD16_eabi.lib</file>
         <name>memchr.obj</name>
      </input_file>
      <input_file id="fl-166">
         <path>C:\ti\ccsv6\tools\compiler\ti-cgt-arm_5.2.5\lib\</path>
         <kind>archive</kind>
         <file>rtsv7M4_T_le_v4SPD16_eabi.lib</file>
         <name>raise.obj</name>
      </input_file>
      <input_file id="fl-167">
         <path>C:\ti\ccsv6\tools\compiler\ti-cgt-arm_5.2.5\lib\</path>
         <kind>archive</kind>
         <file>rtsv7M4_T_le_v4SPD16_eabi.lib</file>
         <name>signal.obj</name>
      </input_file>
      <input_file id="fl-168">
         <path>C:\ti\ccsv6\tools\compiler\ti-cgt-arm_5.2.5\lib\</path>
         <kind>archive</kind>
         <file>rtsv7M4_T_le_v4SPD16_eabi.lib</file>
         <name>strchr.obj</name>
      </input_file>
      <input_file id="fl-169">
         <path>C:\ti\ccsv6\tools\compiler\ti-cgt-arm_5.2.5\lib\</path>
         <kind>archive</kind>
         <file>rtsv7M4_T_le_v4SPD16_eabi.lib</file>
         <name>strcmp.obj</name>
      </input_file>
      <input_file id="fl-16a">
         <path>C:\ti\ccsv6\tools\compiler\ti-cgt-arm_5.2.5\lib\</path>
         <kind>archive</kind>
         <file>rtsv7M4_T_le_v4SPD16_eabi.lib</file>
         <name>strlen.obj</name>
      </input_file>
      <input_file id="fl-16b">
         <path>C:\ti\ccsv6\tools\compiler\ti-cgt-arm_5.2.5\lib\</path>
         <kind>archive</kind>
         <file>rtsv7M4_T_le_v4SPD16_eabi.lib</file>
         <name>strncpy.obj</name>
      </input_file>
      <input_file id="fl-16c">
         <path>C:\ti\ccsv6\tools\compiler\ti-cgt-arm_5.2.5\lib\</path>
         <kind>archive</kind>
         <file>rtsv7M4_T_le_v4SPD16_eabi.lib</file>
         <name>trgdrv.obj</name>
      </input_file>
      <input_file id="fl-16d">
         <path>C:\ti\ccsv6\tools\compiler\ti-cgt-arm_5.2.5\lib\</path>
         <kind>archive</kind>
         <file>rtsv7M4_T_le_v4SPD16_eabi.lib</file>
         <name>trgmsg.obj</name>
      </input_file>
      <input_file id="fl-16e">
         <path>C:\ti\ccsv6\tools\compiler\ti-cgt-arm_5.2.5\lib\</path>
         <kind>archive</kind>
         <file>rtsv7M4_T_le_v4SPD16_eabi.lib</file>
         <name>ull_div_t2.obj</name>
      </input_file>
      <input_file id="fl-16f">
         <path>C:\ti\ccsv6\tools\compiler\ti-cgt-arm_5.2.5\lib\</path>
         <kind>archive</kind>
         <file>rtsv7M4_T_le_v4SPD16_eabi.lib</file>
         <name>xdclass.obj</name>
      </input_file>
      <input_file id="fl-170">
         <path>C:\ti\ccsv6\tools\compiler\ti-cgt-arm_5.2.5\lib\</path>
         <kind>archive</kind>
         <file>rtsv7M4_T_le_v4SPD16_eabi.lib</file>
         <name>xdnorm.obj</name>
      </input_file>
      <input_file id="fl-171">
         <path>C:\ti\ccsv6\tools\compiler\ti-cgt-arm_5.2.5\lib\</path>
         <kind>archive</kind>
         <file>rtsv7M4_T_le_v4SPD16_eabi.lib</file>
         <name>xdscale.obj</name>
      </input_file>
      <input_file id="fl-172">
         <path>C:\ti\ccsv6\tools\compiler\ti-cgt-arm_5.2.5\lib\</path>
         <kind>archive</kind>
         <file>rtsv7M4_T_le_v4SPD16_eabi.lib</file>
         <name>xfvalues.obj</name>
      </input_file>
      <input_file id="fl-173">
         <path>C:\ti\ccsv6\tools\compiler\ti-cgt-arm_5.2.5\lib\</path>
         <kind>archive</kind>
         <file>rtsv7M4_T_le_v4SPD16_eabi.lib</file>
         <name>_io_perm.obj</name>
      </input_file>
      <input_file id="fl-174">
         <path>C:\ti\ccsv6\tools\compiler\ti-cgt-arm_5.2.5\lib\</path>
         <kind>archive</kind>
         <file>rtsv7M4_T_le_v4SPD16_eabi.lib</file>
         <name>fflush.obj</name>
      </input_file>
      <input_file id="fl-175">
         <path>C:\ti\ccsv6\tools\compiler\ti-cgt-arm_5.2.5\lib\</path>
         <kind>archive</kind>
         <file>rtsv7M4_T_le_v4SPD16_eabi.lib</file>
         <name>fseek.obj</name>
      </input_file>
      <input_file id="fl-176">
         <path>C:\ti\ccsv6\tools\compiler\ti-cgt-arm_5.2.5\lib\</path>
         <kind>archive</kind>
         <file>rtsv7M4_T_le_v4SPD16_eabi.lib</file>
         <name>setvbuf.obj</name>
      </input_file>
      <input_file id="fl-177">
         <path>C:\ti\ccsv6\tools\compiler\ti-cgt-arm_5.2.5\lib\</path>
         <kind>archive</kind>
         <file>rtsv7M4_T_le_v4SPD16_eabi.lib</file>
         <name>strcpy.obj</name>
      </input_file>
      <input_file id="fl-178">
         <path>C:\ti\ccsv6\tools\compiler\ti-cgt-arm_5.2.5\lib\</path>
         <kind>archive</kind>
         <file>rtsv7M4_T_le_v4SPD16_eabi.lib</file>
         <name>fopen.obj</name>
      </input_file>
      <input_file id="fl-179">
         <path>C:\ti\ccsv6\tools\compiler\ti-cgt-arm_5.2.5\lib\</path>
         <kind>archive</kind>
         <file>rtsv7M4_T_le_v4SPD16_eabi.lib</file>
         <name>memory.obj</name>
      </input_file>
      <input_file id="fl-17a">
         <path>C:\ti\ccsv6\tools\compiler\ti-cgt-arm_5.2.5\lib\</path>
         <kind>archive</kind>
         <file>rtsv7M4_T_le_v4SPD16_eabi.lib</file>
         <name>fclose.obj</name>
      </input_file>
      <input_file id="fl-17b">
         <path>C:\ti\ccsv6\tools\compiler\ti-cgt-arm_5.2.5\lib\</path>
         <kind>archive</kind>
         <file>rtsv7M4_T_le_v4SPD16_eabi.lib</file>
         <name>remove.obj</name>
      </input_file>
      <input_file id="fl-17c">
         <path>C:\TI_CodeComposer\TivaWare\driverlib\ccs\Debug\</path>
         <kind>archive</kind>
         <file>driverlib.lib</file>
         <name>sysctl.obj</name>
      </input_file>
      <input_file id="fl-17d">
         <path>C:\TI_CodeComposer\TivaWare\driverlib\ccs\Debug\</path>
         <kind>archive</kind>
         <file>driverlib.lib</file>
         <name>interrupt.obj</name>
      </input_file>
      <input_file id="fl-17e">
         <path>C:\TI_CodeComposer\TivaWare\driverlib\ccs\Debug\</path>
         <kind>archive</kind>
         <file>driverlib.lib</file>
         <name>gpio.obj</name>
      </input_file>
      <input_file id="fl-17f">
         <path>C:\TI_CodeComposer\TivaWare\driverlib\ccs\Debug\</path>
         <kind>archive</kind>
         <file>driverlib.lib</file>
         <name>cpu.obj</name>
      </input_file>
      <input_file id="fl-180">
         <path>C:\TI_CodeComposer\TivaWare\driverlib\ccs\Debug\</path>
         <kind>archive</kind>
         <file>driverlib.lib</file>
         <name>adc.obj</name>
      </input_file>
   </input_file_list>
   <object_component_list>
      <object_component id="oc-f">
         <name>.intvecs</name>
         <load_address>0x0</load_address>
         <run_address>0x0</run_address>
         <size>0x200</size>
         <input_file_ref idref="fl-3"/>
      </object_component>
      <object_component id="oc-92">
         <name>.text</name>
         <load_address>0x200</load_address>
         <run_address>0x200</run_address>
         <size>0x17d0</size>
         <input_file_ref idref="fl-e"/>
      </object_component>
      <object_component id="oc-2c0">
         <name>.text</name>
         <load_address>0x19d0</load_address>
         <run_address>0x19d0</run_address>
         <size>0x10ba</size>
         <input_file_ref idref="fl-153"/>
      </object_component>
      <object_component id="oc-178">
         <name>.text</name>
         <load_address>0x2a8c</load_address>
         <run_address>0x2a8c</run_address>
         <size>0xa08</size>
         <input_file_ref idref="fl-d"/>
      </object_component>
      <object_component id="oc-fa">
         <name>.text</name>
         <load_address>0x3494</load_address>
         <run_address>0x3494</run_address>
         <size>0x538</size>
         <input_file_ref idref="fl-f"/>
      </object_component>
      <object_component id="oc-20e">
         <name>.text</name>
         <load_address>0x39cc</load_address>
         <run_address>0x39cc</run_address>
         <size>0x498</size>
         <input_file_ref idref="fl-147"/>
      </object_component>
      <object_component id="oc-45e">
         <name>.text</name>
         <load_address>0x3e64</load_address>
         <run_address>0x3e64</run_address>
         <size>0x3dc</size>
         <input_file_ref idref="fl-179"/>
      </object_component>
      <object_component id="oc-14c">
         <name>.text</name>
         <load_address>0x4240</load_address>
         <run_address>0x4240</run_address>
         <size>0x35c</size>
         <input_file_ref idref="fl-9"/>
      </object_component>
      <object_component id="oc-35f">
         <name>.text</name>
         <load_address>0x459c</load_address>
         <run_address>0x459c</run_address>
         <size>0x30c</size>
         <input_file_ref idref="fl-162"/>
      </object_component>
      <object_component id="oc-2d3">
         <name>.text</name>
         <load_address>0x48a8</load_address>
         <run_address>0x48a8</run_address>
         <size>0x2ec</size>
         <input_file_ref idref="fl-150"/>
      </object_component>
      <object_component id="oc-47f">
         <name>.text</name>
         <load_address>0x4b94</load_address>
         <run_address>0x4b94</run_address>
         <size>0x2d4</size>
         <input_file_ref idref="fl-16c"/>
      </object_component>
      <object_component id="oc-1a4">
         <name>.text:SysCtlClockFreqSet</name>
         <load_address>0x4e68</load_address>
         <run_address>0x4e68</run_address>
         <size>0x1fc</size>
         <input_file_ref idref="fl-17c"/>
      </object_component>
      <object_component id="oc-2fd">
         <name>.text</name>
         <load_address>0x5064</load_address>
         <run_address>0x5064</run_address>
         <size>0x1fc</size>
         <input_file_ref idref="fl-14e"/>
      </object_component>
      <object_component id="oc-367">
         <name>.text</name>
         <load_address>0x5260</load_address>
         <run_address>0x5260</run_address>
         <size>0x1f4</size>
         <input_file_ref idref="fl-16e"/>
      </object_component>
      <object_component id="oc-464">
         <name>.text</name>
         <load_address>0x5454</load_address>
         <run_address>0x5454</run_address>
         <size>0x1c4</size>
         <input_file_ref idref="fl-178"/>
      </object_component>
      <object_component id="oc-104">
         <name>.text</name>
         <load_address>0x5618</load_address>
         <run_address>0x5618</run_address>
         <size>0x1b8</size>
         <input_file_ref idref="fl-4"/>
      </object_component>
      <object_component id="oc-209">
         <name>.text</name>
         <load_address>0x57d0</load_address>
         <run_address>0x57d0</run_address>
         <size>0x1b6</size>
         <input_file_ref idref="fl-13f"/>
      </object_component>
      <object_component id="oc-1e1">
         <name>.text</name>
         <load_address>0x5988</load_address>
         <run_address>0x5988</run_address>
         <size>0x158</size>
         <input_file_ref idref="fl-13"/>
      </object_component>
      <object_component id="oc-140">
         <name>.text</name>
         <load_address>0x5ae0</load_address>
         <run_address>0x5ae0</run_address>
         <size>0x144</size>
         <input_file_ref idref="fl-7"/>
      </object_component>
      <object_component id="oc-214">
         <name>.text</name>
         <load_address>0x5c24</load_address>
         <run_address>0x5c24</run_address>
         <size>0x136</size>
         <input_file_ref idref="fl-140"/>
      </object_component>
      <object_component id="oc-3b">
         <name>.text</name>
         <load_address>0x5d5c</load_address>
         <run_address>0x5d5c</run_address>
         <size>0x134</size>
         <input_file_ref idref="fl-10"/>
      </object_component>
      <object_component id="oc-2ba">
         <name>.text</name>
         <load_address>0x5e90</load_address>
         <run_address>0x5e90</run_address>
         <size>0x134</size>
         <input_file_ref idref="fl-15e"/>
      </object_component>
      <object_component id="oc-1ba">
         <name>.text:GPIOPadConfigSet</name>
         <load_address>0x5fc4</load_address>
         <run_address>0x5fc4</run_address>
         <size>0x130</size>
         <input_file_ref idref="fl-17e"/>
      </object_component>
      <object_component id="oc-f0">
         <name>.text</name>
         <load_address>0x60f4</load_address>
         <run_address>0x60f4</run_address>
         <size>0x12a</size>
         <input_file_ref idref="fl-c"/>
      </object_component>
      <object_component id="oc-3d9">
         <name>.text</name>
         <load_address>0x6220</load_address>
         <run_address>0x6220</run_address>
         <size>0x110</size>
         <input_file_ref idref="fl-171"/>
      </object_component>
      <object_component id="oc-204">
         <name>.text</name>
         <load_address>0x6330</load_address>
         <run_address>0x6330</run_address>
         <size>0xfc</size>
         <input_file_ref idref="fl-141"/>
      </object_component>
      <object_component id="oc-146">
         <name>.text</name>
         <load_address>0x642c</load_address>
         <run_address>0x642c</run_address>
         <size>0xe4</size>
         <input_file_ref idref="fl-8"/>
      </object_component>
      <object_component id="oc-3f8">
         <name>.text</name>
         <load_address>0x6510</load_address>
         <run_address>0x6510</run_address>
         <size>0xdc</size>
         <input_file_ref idref="fl-176"/>
      </object_component>
      <object_component id="oc-36">
         <name>.text</name>
         <load_address>0x65ec</load_address>
         <run_address>0x65ec</run_address>
         <size>0xd2</size>
         <input_file_ref idref="fl-11"/>
      </object_component>
      <object_component id="oc-359">
         <name>.text</name>
         <load_address>0x66c0</load_address>
         <run_address>0x66c0</run_address>
         <size>0xc8</size>
         <input_file_ref idref="fl-174"/>
      </object_component>
      <object_component id="oc-2e2">
         <name>.text</name>
         <load_address>0x6788</load_address>
         <run_address>0x6788</run_address>
         <size>0xc0</size>
         <input_file_ref idref="fl-14c"/>
      </object_component>
      <object_component id="oc-3c0">
         <name>.text</name>
         <load_address>0x6848</load_address>
         <run_address>0x6848</run_address>
         <size>0xbe</size>
         <input_file_ref idref="fl-170"/>
      </object_component>
      <object_component id="oc-cb">
         <name>.text</name>
         <load_address>0x6908</load_address>
         <run_address>0x6908</run_address>
         <size>0xbc</size>
         <input_file_ref idref="fl-2"/>
      </object_component>
      <object_component id="oc-347">
         <name>.text</name>
         <load_address>0x69c4</load_address>
         <run_address>0x69c4</run_address>
         <size>0xac</size>
         <input_file_ref idref="fl-173"/>
      </object_component>
      <object_component id="oc-44">
         <name>.text</name>
         <load_address>0x6a70</load_address>
         <run_address>0x6a70</run_address>
         <size>0x9c</size>
         <input_file_ref idref="fl-145"/>
      </object_component>
      <object_component id="oc-4ba">
         <name>.text</name>
         <load_address>0x6b0c</load_address>
         <run_address>0x6b0c</run_address>
         <size>0x98</size>
         <input_file_ref idref="fl-17a"/>
      </object_component>
      <object_component id="oc-2e8">
         <name>.text:__aeabi_cdcmple</name>
         <load_address>0x6ba4</load_address>
         <run_address>0x6ba4</run_address>
         <size>0x86</size>
         <input_file_ref idref="fl-15b"/>
      </object_component>
      <object_component id="oc-36c">
         <name>.text:__aeabi_cdrcmple</name>
         <load_address>0x6c2a</load_address>
         <run_address>0x6c2a</run_address>
         <size>0x86</size>
         <input_file_ref idref="fl-15b"/>
      </object_component>
      <object_component id="oc-224">
         <name>.text:ADCSequenceStepConfigure</name>
         <load_address>0x6cb0</load_address>
         <run_address>0x6cb0</run_address>
         <size>0x80</size>
         <input_file_ref idref="fl-180"/>
      </object_component>
      <object_component id="oc-5d">
         <name>.text</name>
         <load_address>0x6d30</load_address>
         <run_address>0x6d30</run_address>
         <size>0x7a</size>
         <input_file_ref idref="fl-146"/>
      </object_component>
      <object_component id="oc-1e7">
         <name>.text</name>
         <load_address>0x6dac</load_address>
         <run_address>0x6dac</run_address>
         <size>0x70</size>
         <input_file_ref idref="fl-149"/>
      </object_component>
      <object_component id="oc-6f">
         <name>.text</name>
         <load_address>0x6e1c</load_address>
         <run_address>0x6e1c</run_address>
         <size>0x6c</size>
         <input_file_ref idref="fl-156"/>
      </object_component>
      <object_component id="oc-50">
         <name>.text</name>
         <load_address>0x6e88</load_address>
         <run_address>0x6e88</run_address>
         <size>0x6a</size>
         <input_file_ref idref="fl-13c"/>
      </object_component>
      <object_component id="oc-4c9">
         <name>.text</name>
         <load_address>0x6ef4</load_address>
         <run_address>0x6ef4</run_address>
         <size>0x68</size>
         <input_file_ref idref="fl-16d"/>
      </object_component>
      <object_component id="oc-2dc">
         <name>.text</name>
         <load_address>0x6f5c</load_address>
         <run_address>0x6f5c</run_address>
         <size>0x66</size>
         <input_file_ref idref="fl-14d"/>
      </object_component>
      <object_component id="oc-3f2">
         <name>.text</name>
         <load_address>0x6fc4</load_address>
         <run_address>0x6fc4</run_address>
         <size>0x64</size>
         <input_file_ref idref="fl-175"/>
      </object_component>
      <object_component id="oc-1ed">
         <name>.text</name>
         <load_address>0x7028</load_address>
         <run_address>0x7028</run_address>
         <size>0x60</size>
         <input_file_ref idref="fl-14a"/>
      </object_component>
      <object_component id="oc-371">
         <name>.text</name>
         <load_address>0x7088</load_address>
         <run_address>0x7088</run_address>
         <size>0x56</size>
         <input_file_ref idref="fl-163"/>
      </object_component>
      <object_component id="oc-37d">
         <name>.text</name>
         <load_address>0x70de</load_address>
         <run_address>0x70de</run_address>
         <size>0x52</size>
         <input_file_ref idref="fl-161"/>
      </object_component>
      <object_component id="oc-24">
         <name>.text</name>
         <load_address>0x7130</load_address>
         <run_address>0x7130</run_address>
         <size>0x50</size>
         <input_file_ref idref="fl-13a"/>
      </object_component>
      <object_component id="oc-13a">
         <name>.text</name>
         <load_address>0x7180</load_address>
         <run_address>0x7180</run_address>
         <size>0x4c</size>
         <input_file_ref idref="fl-5"/>
      </object_component>
      <object_component id="oc-395">
         <name>.text</name>
         <load_address>0x71cc</load_address>
         <run_address>0x71cc</run_address>
         <size>0x4c</size>
         <input_file_ref idref="fl-155"/>
      </object_component>
      <object_component id="oc-c3">
         <name>.text</name>
         <load_address>0x7218</load_address>
         <run_address>0x7218</run_address>
         <size>0x4c</size>
         <input_file_ref idref="fl-157"/>
      </object_component>
      <object_component id="oc-280">
         <name>.text:_SysCtlFrequencyGet</name>
         <load_address>0x7264</load_address>
         <run_address>0x7264</run_address>
         <size>0x48</size>
         <input_file_ref idref="fl-17c"/>
      </object_component>
      <object_component id="oc-2f8">
         <name>.text</name>
         <load_address>0x72ac</load_address>
         <run_address>0x72ac</run_address>
         <size>0x48</size>
         <input_file_ref idref="fl-15c"/>
      </object_component>
      <object_component id="oc-219">
         <name>.text</name>
         <load_address>0x72f4</load_address>
         <run_address>0x72f4</run_address>
         <size>0x48</size>
         <input_file_ref idref="fl-142"/>
      </object_component>
      <object_component id="oc-7b">
         <name>.text</name>
         <load_address>0x733c</load_address>
         <run_address>0x733c</run_address>
         <size>0x44</size>
         <input_file_ref idref="fl-13e"/>
      </object_component>
      <object_component id="oc-4a1">
         <name>.text</name>
         <load_address>0x7380</load_address>
         <run_address>0x7380</run_address>
         <size>0x40</size>
         <input_file_ref idref="fl-167"/>
      </object_component>
      <object_component id="oc-21e">
         <name>.text:ADCSequenceConfigure</name>
         <load_address>0x73c0</load_address>
         <run_address>0x73c0</run_address>
         <size>0x3e</size>
         <input_file_ref idref="fl-180"/>
      </object_component>
      <object_component id="oc-134">
         <name>.text</name>
         <load_address>0x7400</load_address>
         <run_address>0x7400</run_address>
         <size>0x38</size>
         <input_file_ref idref="fl-12"/>
      </object_component>
      <object_component id="oc-1f3">
         <name>.text</name>
         <load_address>0x7438</load_address>
         <run_address>0x7438</run_address>
         <size>0x38</size>
         <input_file_ref idref="fl-143"/>
      </object_component>
      <object_component id="oc-1ae">
         <name>.text:SysCtlPeripheralEnable</name>
         <load_address>0x7470</load_address>
         <run_address>0x7470</run_address>
         <size>0x34</size>
         <input_file_ref idref="fl-17c"/>
      </object_component>
      <object_component id="oc-3cd">
         <name>.text</name>
         <load_address>0x74a4</load_address>
         <run_address>0x74a4</run_address>
         <size>0x34</size>
         <input_file_ref idref="fl-15d"/>
      </object_component>
      <object_component id="oc-40f">
         <name>.text</name>
         <load_address>0x74d8</load_address>
         <run_address>0x74d8</run_address>
         <size>0x30</size>
         <input_file_ref idref="fl-16b"/>
      </object_component>
      <object_component id="oc-389">
         <name>.text</name>
         <load_address>0x7508</load_address>
         <run_address>0x7508</run_address>
         <size>0x30</size>
         <input_file_ref idref="fl-16f"/>
      </object_component>
      <object_component id="oc-2ed">
         <name>.text</name>
         <load_address>0x7538</load_address>
         <run_address>0x7538</run_address>
         <size>0x30</size>
         <input_file_ref idref="fl-14f"/>
      </object_component>
      <object_component id="oc-236">
         <name>.text:ADCIntStatus</name>
         <load_address>0x7568</load_address>
         <run_address>0x7568</run_address>
         <size>0x2e</size>
         <input_file_ref idref="fl-180"/>
      </object_component>
      <object_component id="oc-2f3">
         <name>.text</name>
         <load_address>0x7596</load_address>
         <run_address>0x7596</run_address>
         <size>0x2e</size>
         <input_file_ref idref="fl-160"/>
      </object_component>
      <object_component id="oc-44a">
         <name>.text</name>
         <load_address>0x75c4</load_address>
         <run_address>0x75c4</run_address>
         <size>0x2e</size>
         <input_file_ref idref="fl-166"/>
      </object_component>
      <object_component id="oc-29e">
         <name>.text:GPIODirModeSet</name>
         <load_address>0x75f2</load_address>
         <run_address>0x75f2</run_address>
         <size>0x2a</size>
         <input_file_ref idref="fl-17e"/>
      </object_component>
      <object_component id="oc-377">
         <name>.text</name>
         <load_address>0x761c</load_address>
         <run_address>0x761c</run_address>
         <size>0x2a</size>
         <input_file_ref idref="fl-15f"/>
      </object_component>
      <object_component id="oc-353">
         <name>.text</name>
         <load_address>0x7646</load_address>
         <run_address>0x7646</run_address>
         <size>0x20</size>
         <input_file_ref idref="fl-165"/>
      </object_component>
      <object_component id="oc-23c">
         <name>.text:ADCSequenceDataGet</name>
         <load_address>0x7666</load_address>
         <run_address>0x7666</run_address>
         <size>0x1e</size>
         <input_file_ref idref="fl-180"/>
      </object_component>
      <object_component id="oc-27a">
         <name>.text:_SysCtlMemTimingGet</name>
         <load_address>0x7684</load_address>
         <run_address>0x7684</run_address>
         <size>0x1c</size>
         <input_file_ref idref="fl-17c"/>
      </object_component>
      <object_component id="oc-38f">
         <name>.text</name>
         <load_address>0x76a0</load_address>
         <run_address>0x76a0</run_address>
         <size>0x1c</size>
         <input_file_ref idref="fl-164"/>
      </object_component>
      <object_component id="oc-1fe">
         <name>.text</name>
         <load_address>0x76bc</load_address>
         <run_address>0x76bc</run_address>
         <size>0x1a</size>
         <input_file_ref idref="fl-144"/>
      </object_component>
      <object_component id="oc-1b4">
         <name>.text:GPIOPinTypeGPIOOutput</name>
         <load_address>0x76d6</load_address>
         <run_address>0x76d6</run_address>
         <size>0x18</size>
         <input_file_ref idref="fl-17e"/>
      </object_component>
      <object_component id="oc-75">
         <name>.text</name>
         <load_address>0x76f0</load_address>
         <run_address>0x76f0</run_address>
         <size>0x18</size>
         <input_file_ref idref="fl-154"/>
      </object_component>
      <object_component id="oc-409">
         <name>.text</name>
         <load_address>0x7708</load_address>
         <run_address>0x7708</run_address>
         <size>0x18</size>
         <input_file_ref idref="fl-169"/>
      </object_component>
      <object_component id="oc-230">
         <name>.text:ADCProcessorTrigger</name>
         <load_address>0x7720</load_address>
         <run_address>0x7720</run_address>
         <size>0x16</size>
         <input_file_ref idref="fl-180"/>
      </object_component>
      <object_component id="oc-383">
         <name>.text</name>
         <load_address>0x7736</load_address>
         <run_address>0x7736</run_address>
         <size>0x16</size>
         <input_file_ref idref="fl-168"/>
      </object_component>
      <object_component id="oc-15a">
         <name>.text</name>
         <load_address>0x774c</load_address>
         <run_address>0x774c</run_address>
         <size>0x14</size>
         <input_file_ref idref="fl-152"/>
      </object_component>
      <object_component id="oc-4cf">
         <name>.text</name>
         <load_address>0x7760</load_address>
         <run_address>0x7760</run_address>
         <size>0x14</size>
         <input_file_ref idref="fl-177"/>
      </object_component>
      <object_component id="oc-34d">
         <name>.text</name>
         <load_address>0x7774</load_address>
         <run_address>0x7774</run_address>
         <size>0x14</size>
         <input_file_ref idref="fl-16a"/>
      </object_component>
      <object_component id="oc-22a">
         <name>.text:ADCSequenceEnable</name>
         <load_address>0x7788</load_address>
         <run_address>0x7788</run_address>
         <size>0xe</size>
         <input_file_ref idref="fl-180"/>
      </object_component>
      <object_component id="oc-12">
         <name>.text:decompress:none</name>
         <load_address>0x7796</load_address>
         <run_address>0x7796</run_address>
         <size>0xe</size>
         <input_file_ref idref="fl-13b"/>
      </object_component>
      <object_component id="oc-30">
         <name>.text</name>
         <load_address>0x77a4</load_address>
         <run_address>0x77a4</run_address>
         <size>0xc</size>
         <input_file_ref idref="fl-3"/>
      </object_component>
      <object_component id="oc-1e">
         <name>.text:decompress:ZI</name>
         <load_address>0x77b0</load_address>
         <run_address>0x77b0</run_address>
         <size>0xc</size>
         <input_file_ref idref="fl-13d"/>
      </object_component>
      <object_component id="oc-242">
         <name>.text:ADCIntClear</name>
         <load_address>0x77bc</load_address>
         <run_address>0x77bc</run_address>
         <size>0xa</size>
         <input_file_ref idref="fl-180"/>
      </object_component>
      <object_component id="oc-1c0">
         <name>.text:GPIOPinRead</name>
         <load_address>0x77c6</load_address>
         <run_address>0x77c6</run_address>
         <size>0x6</size>
         <input_file_ref idref="fl-17e"/>
      </object_component>
      <object_component id="oc-1c6">
         <name>.text:GPIOPinWrite</name>
         <load_address>0x77cc</load_address>
         <run_address>0x77cc</run_address>
         <size>0x6</size>
         <input_file_ref idref="fl-17e"/>
      </object_component>
      <object_component id="oc-18">
         <name>.text:decompress:rle24</name>
         <load_address>0x77d2</load_address>
         <run_address>0x77d2</run_address>
         <size>0x6</size>
         <input_file_ref idref="fl-13c"/>
      </object_component>
      <object_component id="oc-69">
         <name>.text</name>
         <load_address>0x77d8</load_address>
         <run_address>0x77d8</run_address>
         <size>0x4</size>
         <input_file_ref idref="fl-148"/>
      </object_component>
      <object_component id="oc-289">
         <name>.const:g_pppui32XTALtoVCO</name>
         <load_address>0x77e0</load_address>
         <run_address>0x77e0</run_address>
         <size>0x120</size>
         <input_file_ref idref="fl-17c"/>
      </object_component>
      <object_component id="oc-430">
         <name>.const:.string:_ctypes_</name>
         <load_address>0x7900</load_address>
         <run_address>0x7900</run_address>
         <size>0x101</size>
         <input_file_ref idref="fl-158"/>
      </object_component>
      <object_component id="oc-197">
         <name>.const</name>
         <load_address>0x7a02</load_address>
         <run_address>0x7a02</run_address>
         <size>0x2</size>
         <input_file_ref idref="fl-4"/>
      </object_component>
      <object_component id="oc-286">
         <name>.const:g_pui32Xtals</name>
         <load_address>0x7a04</load_address>
         <run_address>0x7a04</run_address>
         <size>0x6c</size>
         <input_file_ref idref="fl-17c"/>
      </object_component>
      <object_component id="oc-3df">
         <name>.const</name>
         <load_address>0x7a70</load_address>
         <run_address>0x7a70</run_address>
         <size>0x48</size>
         <input_file_ref idref="fl-14e"/>
      </object_component>
      <object_component id="oc-24b">
         <name>.const</name>
         <load_address>0x7ab8</load_address>
         <run_address>0x7ab8</run_address>
         <size>0x40</size>
         <input_file_ref idref="fl-9"/>
      </object_component>
      <object_component id="oc-3bb">
         <name>.const:p</name>
         <load_address>0x7af8</load_address>
         <run_address>0x7af8</run_address>
         <size>0x38</size>
         <input_file_ref idref="fl-150"/>
      </object_component>
      <object_component id="oc-32b">
         <name>.const:g_sXTALtoMEMTIM</name>
         <load_address>0x7b30</load_address>
         <run_address>0x7b30</run_address>
         <size>0x30</size>
         <input_file_ref idref="fl-17c"/>
      </object_component>
      <object_component id="oc-3c8">
         <name>.const</name>
         <load_address>0x7b60</load_address>
         <run_address>0x7b60</run_address>
         <size>0x30</size>
         <input_file_ref idref="fl-14c"/>
      </object_component>
      <object_component id="oc-1d4">
         <name>.const</name>
         <load_address>0x7b90</load_address>
         <run_address>0x7b90</run_address>
         <size>0x20</size>
         <input_file_ref idref="fl-7"/>
      </object_component>
      <object_component id="oc-28c">
         <name>.const</name>
         <load_address>0x7bb0</load_address>
         <run_address>0x7bb0</run_address>
         <size>0x8</size>
         <input_file_ref idref="fl-17c"/>
      </object_component>
      <object_component id="oc-8f">
         <name>.const</name>
         <load_address>0x7bb8</load_address>
         <run_address>0x7bb8</run_address>
         <size>0x4</size>
         <input_file_ref idref="fl-10"/>
      </object_component>
      <object_component id="oc-531">
         <name>.cinit..data.load</name>
         <load_address>0x7bc0</load_address>
         <run_address>0x7bc0</run_address>
         <size>0xf9</size>
      </object_component>
      <object_component id="oc-52f">
         <name>__TI_handler_table</name>
         <load_address>0x7cbc</load_address>
         <run_address>0x7cbc</run_address>
         <size>0xc</size>
      </object_component>
      <object_component id="oc-532">
         <name>.cinit..bss.load</name>
         <load_address>0x7cc8</load_address>
         <run_address>0x7cc8</run_address>
         <size>0x8</size>
      </object_component>
      <object_component id="oc-530">
         <name>__TI_cinit_table</name>
         <load_address>0x7cd0</load_address>
         <run_address>0x7cd0</run_address>
         <size>0x10</size>
      </object_component>
      <object_component id="oc-2a">
         <name>.sysmem</name>
         <uninitialized>true</uninitialized>
         <run_address>0x2000cf78</run_address>
         <size>0x8</size>
         <input_file_ref idref="fl-179"/>
      </object_component>
      <object_component id="oc-534">
         <name>.sysmem</name>
         <uninitialized>true</uninitialized>
         <run_address>0x2000cf78</run_address>
         <size>0x0</size>
      </object_component>
      <object_component id="oc-29">
         <name>.stack</name>
         <uninitialized>true</uninitialized>
         <run_address>0x2000c778</run_address>
         <size>0x0</size>
         <input_file_ref idref="fl-13a"/>
      </object_component>
      <object_component id="oc-533">
         <name>.stack</name>
         <uninitialized>true</uninitialized>
         <run_address>0x2000c778</run_address>
         <size>0x0</size>
      </object_component>
      <object_component id="oc-2d">
         <name>.bss:pulStack</name>
         <uninitialized>true</uninitialized>
         <run_address>0x2000c470</run_address>
         <size>0x100</size>
         <input_file_ref idref="fl-3"/>
      </object_component>
      <object_component id="oc-193">
         <name>.bss:xHeap</name>
         <uninitialized>true</uninitialized>
         <run_address>0x20000000</run_address>
         <size>0xc350</size>
         <input_file_ref idref="fl-4"/>
      </object_component>
      <object_component id="oc-25f">
         <name>.bss:xQueueRegistry</name>
         <uninitialized>true</uninitialized>
         <run_address>0x2000c674</run_address>
         <size>0x40</size>
         <input_file_ref idref="fl-d"/>
      </object_component>
      <object_component id="oc-f6">
         <name>.bss:pxReadyTasksLists</name>
         <uninitialized>true</uninitialized>
         <run_address>0x2000c610</run_address>
         <size>0x64</size>
         <input_file_ref idref="fl-e"/>
      </object_component>
      <object_component id="oc-4f0">
         <name>.bss:__TI_tmpnams</name>
         <uninitialized>true</uninitialized>
         <run_address>0x2000c570</run_address>
         <size>0xa0</size>
         <input_file_ref idref="fl-159"/>
      </object_component>
      <object_component id="oc-4f7">
         <name>.bss:__CIOBUF_</name>
         <uninitialized>true</uninitialized>
         <run_address>0x2000c350</run_address>
         <size>0x120</size>
         <input_file_ref idref="fl-16d"/>
      </object_component>
      <object_component id="oc-190">
         <name>.common:xStart</name>
         <uninitialized>true</uninitialized>
         <run_address>0x2000c750</run_address>
         <size>0x8</size>
      </object_component>
      <object_component id="oc-196">
         <name>.common:xEnd</name>
         <uninitialized>true</uninitialized>
         <run_address>0x2000c748</run_address>
         <size>0x8</size>
      </object_component>
      <object_component id="oc-1ce">
         <name>.common:PIDQueue</name>
         <uninitialized>true</uninitialized>
         <run_address>0x2000c758</run_address>
         <size>0x4</size>
      </object_component>
      <object_component id="oc-1da">
         <name>.common:dataQueue</name>
         <uninitialized>true</uninitialized>
         <run_address>0x2000c75c</run_address>
         <size>0x4</size>
      </object_component>
      <object_component id="oc-1d7">
         <name>.common:xSemaphoreData</name>
         <uninitialized>true</uninitialized>
         <run_address>0x2000c770</run_address>
         <size>0x4</size>
      </object_component>
      <object_component id="oc-1d1">
         <name>.common:xSemaphoreTempData</name>
         <uninitialized>true</uninitialized>
         <run_address>0x2000c774</run_address>
         <size>0x4</size>
      </object_component>
      <object_component id="oc-10a">
         <name>.common:xDelayedTaskList1</name>
         <uninitialized>true</uninitialized>
         <run_address>0x2000c6dc</run_address>
         <size>0x14</size>
      </object_component>
      <object_component id="oc-10b">
         <name>.common:xDelayedTaskList2</name>
         <uninitialized>true</uninitialized>
         <run_address>0x2000c6f0</run_address>
         <size>0x14</size>
      </object_component>
      <object_component id="oc-102">
         <name>.common:pxDelayedTaskList</name>
         <uninitialized>true</uninitialized>
         <run_address>0x2000c764</run_address>
         <size>0x4</size>
      </object_component>
      <object_component id="oc-103">
         <name>.common:pxOverflowDelayedTaskList</name>
         <uninitialized>true</uninitialized>
         <run_address>0x2000c768</run_address>
         <size>0x4</size>
      </object_component>
      <object_component id="oc-101">
         <name>.common:xPendingReadyList</name>
         <uninitialized>true</uninitialized>
         <run_address>0x2000c704</run_address>
         <size>0x14</size>
      </object_component>
      <object_component id="oc-f9">
         <name>.common:xTasksWaitingTermination</name>
         <uninitialized>true</uninitialized>
         <run_address>0x2000c72c</run_address>
         <size>0x14</size>
      </object_component>
      <object_component id="oc-100">
         <name>.common:xSuspendedTaskList</name>
         <uninitialized>true</uninitialized>
         <run_address>0x2000c718</run_address>
         <size>0x14</size>
      </object_component>
      <object_component id="oc-185">
         <name>.common:xActiveTimerList1</name>
         <uninitialized>true</uninitialized>
         <run_address>0x2000c6b4</run_address>
         <size>0x14</size>
      </object_component>
      <object_component id="oc-186">
         <name>.common:xActiveTimerList2</name>
         <uninitialized>true</uninitialized>
         <run_address>0x2000c6c8</run_address>
         <size>0x14</size>
      </object_component>
      <object_component id="oc-181">
         <name>.common:pxCurrentTimerList</name>
         <uninitialized>true</uninitialized>
         <run_address>0x2000c760</run_address>
         <size>0x4</size>
      </object_component>
      <object_component id="oc-184">
         <name>.common:pxOverflowTimerList</name>
         <uninitialized>true</uninitialized>
         <run_address>0x2000c76c</run_address>
         <size>0x4</size>
      </object_component>
      <object_component id="oc-4d5">
         <name>.common:parmbuf</name>
         <uninitialized>true</uninitialized>
         <run_address>0x2000c740</run_address>
         <size>0x8</size>
      </object_component>
      <object_component id="oc-18d">
         <name>.data</name>
         <load_address>0x2000db4c</load_address>
         <run_address>0x2000db4c</run_address>
         <size>0x8</size>
         <input_file_ref idref="fl-4"/>
      </object_component>
      <object_component id="oc-248">
         <name>.data</name>
         <load_address>0x2000db00</load_address>
         <run_address>0x2000db00</run_address>
         <size>0x20</size>
         <input_file_ref idref="fl-9"/>
      </object_component>
      <object_component id="oc-8c">
         <name>.data</name>
         <load_address>0x2000dad0</load_address>
         <run_address>0x2000dad0</run_address>
         <size>0x30</size>
         <input_file_ref idref="fl-e"/>
      </object_component>
      <object_component id="oc-17e">
         <name>.data</name>
         <load_address>0x2000db74</load_address>
         <run_address>0x2000db74</run_address>
         <size>0x8</size>
         <input_file_ref idref="fl-f"/>
      </object_component>
      <object_component id="oc-99">
         <name>.data</name>
         <load_address>0x2000db54</load_address>
         <run_address>0x2000db54</run_address>
         <size>0x8</size>
         <input_file_ref idref="fl-10"/>
      </object_component>
      <object_component id="oc-1aa">
         <name>.data</name>
         <load_address>0x2000db20</load_address>
         <run_address>0x2000db20</run_address>
         <size>0x10</size>
         <input_file_ref idref="fl-12"/>
      </object_component>
      <object_component id="oc-d6">
         <name>.data</name>
         <load_address>0x2000db64</load_address>
         <run_address>0x2000db64</run_address>
         <size>0x8</size>
         <input_file_ref idref="fl-13e"/>
      </object_component>
      <object_component id="oc-81">
         <name>.data</name>
         <load_address>0x2000db84</load_address>
         <run_address>0x2000db84</run_address>
         <size>0x4</size>
         <input_file_ref idref="fl-14b"/>
      </object_component>
      <object_component id="oc-303">
         <name>.data</name>
         <load_address>0x2000d9e8</load_address>
         <run_address>0x2000d9e8</run_address>
         <size>0x80</size>
         <input_file_ref idref="fl-151"/>
      </object_component>
      <object_component id="oc-d3">
         <name>.data</name>
         <load_address>0x2000db5c</load_address>
         <run_address>0x2000db5c</run_address>
         <size>0x8</size>
         <input_file_ref idref="fl-152"/>
      </object_component>
      <object_component id="oc-2c6">
         <name>.data:_ftable</name>
         <load_address>0x2000d778</load_address>
         <run_address>0x2000d778</run_address>
         <size>0xf0</size>
         <input_file_ref idref="fl-159"/>
      </object_component>
      <object_component id="oc-404">
         <name>.data</name>
         <load_address>0x2000db30</load_address>
         <run_address>0x2000db30</run_address>
         <size>0x10</size>
         <input_file_ref idref="fl-159"/>
      </object_component>
      <object_component id="oc-3d3">
         <name>.data</name>
         <load_address>0x2000db7c</load_address>
         <run_address>0x2000db7c</run_address>
         <size>0x4</size>
         <input_file_ref idref="fl-15a"/>
      </object_component>
      <object_component id="oc-450">
         <name>.data</name>
         <load_address>0x2000db6c</load_address>
         <run_address>0x2000db6c</run_address>
         <size>0x8</size>
         <input_file_ref idref="fl-15d"/>
      </object_component>
      <object_component id="oc-415">
         <name>.data</name>
         <load_address>0x2000d868</load_address>
         <run_address>0x2000d868</run_address>
         <size>0xd0</size>
         <input_file_ref idref="fl-162"/>
      </object_component>
      <object_component id="oc-4e0">
         <name>.data:sigtable</name>
         <load_address>0x2000d938</load_address>
         <run_address>0x2000d938</run_address>
         <size>0xb0</size>
         <input_file_ref idref="fl-167"/>
      </object_component>
      <object_component id="oc-3b8">
         <name>.data</name>
         <load_address>0x2000da68</load_address>
         <run_address>0x2000da68</run_address>
         <size>0x68</size>
         <input_file_ref idref="fl-172"/>
      </object_component>
      <object_component id="oc-4c0">
         <name>.data</name>
         <load_address>0x2000db80</load_address>
         <run_address>0x2000db80</run_address>
         <size>0x4</size>
         <input_file_ref idref="fl-178"/>
      </object_component>
      <object_component id="oc-4b6">
         <name>.data</name>
         <load_address>0x2000db40</load_address>
         <run_address>0x2000db40</run_address>
         <size>0xc</size>
         <input_file_ref idref="fl-179"/>
      </object_component>
      <object_component id="oc-125">
         <name>.debug_info</name>
         <load_address>0x0</load_address>
         <run_address>0x0</run_address>
         <size>0x308</size>
         <input_file_ref idref="fl-2"/>
      </object_component>
      <object_component id="oc-cc">
         <name>.debug_info</name>
         <load_address>0x308</load_address>
         <run_address>0x308</run_address>
         <size>0x1ed</size>
         <input_file_ref idref="fl-2"/>
      </object_component>
      <object_component id="oc-10d">
         <name>.debug_info</name>
         <load_address>0x4f5</load_address>
         <run_address>0x4f5</run_address>
         <size>0x2ef</size>
         <input_file_ref idref="fl-2"/>
      </object_component>
      <object_component id="oc-aa">
         <name>.debug_info</name>
         <load_address>0x7e4</load_address>
         <run_address>0x7e4</run_address>
         <size>0x84</size>
         <input_file_ref idref="fl-2"/>
      </object_component>
      <object_component id="oc-9e">
         <name>.debug_info</name>
         <load_address>0x868</load_address>
         <run_address>0x868</run_address>
         <size>0x2c</size>
         <input_file_ref idref="fl-2"/>
      </object_component>
      <object_component id="oc-112">
         <name>.debug_info</name>
         <load_address>0x894</load_address>
         <run_address>0x894</run_address>
         <size>0x18b</size>
         <input_file_ref idref="fl-2"/>
      </object_component>
      <object_component id="oc-a3">
         <name>.debug_info</name>
         <load_address>0xa1f</load_address>
         <run_address>0xa1f</run_address>
         <size>0xae</size>
         <input_file_ref idref="fl-2"/>
      </object_component>
      <object_component id="oc-2cb">
         <name>.debug_info</name>
         <load_address>0xacd</load_address>
         <run_address>0xacd</run_address>
         <size>0x4e</size>
         <input_file_ref idref="fl-2"/>
      </object_component>
      <object_component id="oc-120">
         <name>.debug_info</name>
         <load_address>0xb1b</load_address>
         <run_address>0xb1b</run_address>
         <size>0x14c</size>
         <input_file_ref idref="fl-2"/>
      </object_component>
      <object_component id="oc-43">
         <name>.debug_info</name>
         <load_address>0xc67</load_address>
         <run_address>0xc67</run_address>
         <size>0x1a8</size>
         <input_file_ref idref="fl-3"/>
      </object_component>
      <object_component id="oc-2e">
         <name>.debug_info</name>
         <load_address>0xe0f</load_address>
         <run_address>0xe0f</run_address>
         <size>0x111</size>
         <input_file_ref idref="fl-3"/>
      </object_component>
      <object_component id="oc-10">
         <name>.debug_info</name>
         <load_address>0xf20</load_address>
         <run_address>0xf20</run_address>
         <size>0x11a</size>
         <input_file_ref idref="fl-3"/>
      </object_component>
      <object_component id="oc-31">
         <name>.debug_info</name>
         <load_address>0x103a</load_address>
         <run_address>0x103a</run_address>
         <size>0x2a6</size>
         <input_file_ref idref="fl-3"/>
      </object_component>
      <object_component id="oc-191">
         <name>.debug_info</name>
         <load_address>0x12e0</load_address>
         <run_address>0x12e0</run_address>
         <size>0x225</size>
         <input_file_ref idref="fl-4"/>
      </object_component>
      <object_component id="oc-194">
         <name>.debug_info</name>
         <load_address>0x1505</load_address>
         <run_address>0x1505</run_address>
         <size>0xf7</size>
         <input_file_ref idref="fl-4"/>
      </object_component>
      <object_component id="oc-198">
         <name>.debug_info</name>
         <load_address>0x15fc</load_address>
         <run_address>0x15fc</run_address>
         <size>0x10b</size>
         <input_file_ref idref="fl-4"/>
      </object_component>
      <object_component id="oc-18e">
         <name>.debug_info</name>
         <load_address>0x1707</load_address>
         <run_address>0x1707</run_address>
         <size>0x113</size>
         <input_file_ref idref="fl-4"/>
      </object_component>
      <object_component id="oc-105">
         <name>.debug_info</name>
         <load_address>0x181a</load_address>
         <run_address>0x181a</run_address>
         <size>0x4a5</size>
         <input_file_ref idref="fl-4"/>
      </object_component>
      <object_component id="oc-16f">
         <name>.debug_info</name>
         <load_address>0x1cbf</load_address>
         <run_address>0x1cbf</run_address>
         <size>0x110</size>
         <input_file_ref idref="fl-4"/>
      </object_component>
      <object_component id="oc-271">
         <name>.debug_info</name>
         <load_address>0x1dcf</load_address>
         <run_address>0x1dcf</run_address>
         <size>0xa7</size>
         <input_file_ref idref="fl-4"/>
      </object_component>
      <object_component id="oc-1cd">
         <name>.debug_info</name>
         <load_address>0x1e76</load_address>
         <run_address>0x1e76</run_address>
         <size>0x2a4</size>
         <input_file_ref idref="fl-5"/>
      </object_component>
      <object_component id="oc-13c">
         <name>.debug_info</name>
         <load_address>0x211a</load_address>
         <run_address>0x211a</run_address>
         <size>0x23c</size>
         <input_file_ref idref="fl-5"/>
      </object_component>
      <object_component id="oc-1cf">
         <name>.debug_info</name>
         <load_address>0x2356</load_address>
         <run_address>0x2356</run_address>
         <size>0x369</size>
         <input_file_ref idref="fl-7"/>
      </object_component>
      <object_component id="oc-1d5">
         <name>.debug_info</name>
         <load_address>0x26bf</load_address>
         <run_address>0x26bf</run_address>
         <size>0x103</size>
         <input_file_ref idref="fl-7"/>
      </object_component>
      <object_component id="oc-142">
         <name>.debug_info</name>
         <load_address>0x27c2</load_address>
         <run_address>0x27c2</run_address>
         <size>0x368</size>
         <input_file_ref idref="fl-7"/>
      </object_component>
      <object_component id="oc-263">
         <name>.debug_info</name>
         <load_address>0x2b2a</load_address>
         <run_address>0x2b2a</run_address>
         <size>0x46</size>
         <input_file_ref idref="fl-7"/>
      </object_component>
      <object_component id="oc-2ad">
         <name>.debug_info</name>
         <load_address>0x2b70</load_address>
         <run_address>0x2b70</run_address>
         <size>0x2c</size>
         <input_file_ref idref="fl-7"/>
      </object_component>
      <object_component id="oc-1dc">
         <name>.debug_info</name>
         <load_address>0x2b9c</load_address>
         <run_address>0x2b9c</run_address>
         <size>0x97</size>
         <input_file_ref idref="fl-7"/>
      </object_component>
      <object_component id="oc-1d8">
         <name>.debug_info</name>
         <load_address>0x2c33</load_address>
         <run_address>0x2c33</run_address>
         <size>0x396</size>
         <input_file_ref idref="fl-8"/>
      </object_component>
      <object_component id="oc-14a">
         <name>.debug_info</name>
         <load_address>0x2fc9</load_address>
         <run_address>0x2fc9</run_address>
         <size>0x34e</size>
         <input_file_ref idref="fl-8"/>
      </object_component>
      <object_component id="oc-1f9">
         <name>.debug_info</name>
         <load_address>0x3317</load_address>
         <run_address>0x3317</run_address>
         <size>0x97</size>
         <input_file_ref idref="fl-8"/>
      </object_component>
      <object_component id="oc-1d2">
         <name>.debug_info</name>
         <load_address>0x33ae</load_address>
         <run_address>0x33ae</run_address>
         <size>0x5ae</size>
         <input_file_ref idref="fl-9"/>
      </object_component>
      <object_component id="oc-249">
         <name>.debug_info</name>
         <load_address>0x395c</load_address>
         <run_address>0x395c</run_address>
         <size>0x1b0</size>
         <input_file_ref idref="fl-9"/>
      </object_component>
      <object_component id="oc-24c">
         <name>.debug_info</name>
         <load_address>0x3b0c</load_address>
         <run_address>0x3b0c</run_address>
         <size>0x128</size>
         <input_file_ref idref="fl-9"/>
      </object_component>
      <object_component id="oc-14e">
         <name>.debug_info</name>
         <load_address>0x3c34</load_address>
         <run_address>0x3c34</run_address>
         <size>0x8d5</size>
         <input_file_ref idref="fl-9"/>
      </object_component>
      <object_component id="oc-24f">
         <name>.debug_info</name>
         <load_address>0x4509</load_address>
         <run_address>0x4509</run_address>
         <size>0x8b</size>
         <input_file_ref idref="fl-9"/>
      </object_component>
      <object_component id="oc-254">
         <name>.debug_info</name>
         <load_address>0x4594</load_address>
         <run_address>0x4594</run_address>
         <size>0x97</size>
         <input_file_ref idref="fl-9"/>
      </object_component>
      <object_component id="oc-25c">
         <name>.debug_info</name>
         <load_address>0x462b</load_address>
         <run_address>0x462b</run_address>
         <size>0x481</size>
         <input_file_ref idref="fl-b"/>
      </object_component>
      <object_component id="oc-318">
         <name>.debug_info</name>
         <load_address>0x4aac</load_address>
         <run_address>0x4aac</run_address>
         <size>0x39</size>
         <input_file_ref idref="fl-b"/>
      </object_component>
      <object_component id="oc-16a">
         <name>.debug_info</name>
         <load_address>0x4ae5</load_address>
         <run_address>0x4ae5</run_address>
         <size>0x46</size>
         <input_file_ref idref="fl-b"/>
      </object_component>
      <object_component id="oc-31d">
         <name>.debug_info</name>
         <load_address>0x4b2b</load_address>
         <run_address>0x4b2b</run_address>
         <size>0x84</size>
         <input_file_ref idref="fl-b"/>
      </object_component>
      <object_component id="oc-175">
         <name>.debug_info</name>
         <load_address>0x4baf</load_address>
         <run_address>0x4baf</run_address>
         <size>0x190</size>
         <input_file_ref idref="fl-c"/>
      </object_component>
      <object_component id="oc-f4">
         <name>.debug_info</name>
         <load_address>0x4d3f</load_address>
         <run_address>0x4d3f</run_address>
         <size>0x747</size>
         <input_file_ref idref="fl-c"/>
      </object_component>
      <object_component id="oc-268">
         <name>.debug_info</name>
         <load_address>0x5486</load_address>
         <run_address>0x5486</run_address>
         <size>0x676</size>
         <input_file_ref idref="fl-d"/>
      </object_component>
      <object_component id="oc-260">
         <name>.debug_info</name>
         <load_address>0x5afc</load_address>
         <run_address>0x5afc</run_address>
         <size>0x14b</size>
         <input_file_ref idref="fl-d"/>
      </object_component>
      <object_component id="oc-179">
         <name>.debug_info</name>
         <load_address>0x5c47</load_address>
         <run_address>0x5c47</run_address>
         <size>0x355c</size>
         <input_file_ref idref="fl-d"/>
      </object_component>
      <object_component id="oc-326">
         <name>.debug_info</name>
         <load_address>0x91a3</load_address>
         <run_address>0x91a3</run_address>
         <size>0x1db</size>
         <input_file_ref idref="fl-d"/>
      </object_component>
      <object_component id="oc-ec">
         <name>.debug_info</name>
         <load_address>0x937e</load_address>
         <run_address>0x937e</run_address>
         <size>0x772</size>
         <input_file_ref idref="fl-e"/>
      </object_component>
      <object_component id="oc-8d">
         <name>.debug_info</name>
         <load_address>0x9af0</load_address>
         <run_address>0x9af0</run_address>
         <size>0x354</size>
         <input_file_ref idref="fl-e"/>
      </object_component>
      <object_component id="oc-f7">
         <name>.debug_info</name>
         <load_address>0x9e44</load_address>
         <run_address>0x9e44</run_address>
         <size>0x150</size>
         <input_file_ref idref="fl-e"/>
      </object_component>
      <object_component id="oc-95">
         <name>.debug_info</name>
         <load_address>0x9f94</load_address>
         <run_address>0x9f94</run_address>
         <size>0x5b68</size>
         <input_file_ref idref="fl-e"/>
      </object_component>
      <object_component id="oc-117">
         <name>.debug_info</name>
         <load_address>0xfafc</load_address>
         <run_address>0xfafc</run_address>
         <size>0x177</size>
         <input_file_ref idref="fl-e"/>
      </object_component>
      <object_component id="oc-182">
         <name>.debug_info</name>
         <load_address>0xfc73</load_address>
         <run_address>0xfc73</run_address>
         <size>0x76b</size>
         <input_file_ref idref="fl-f"/>
      </object_component>
      <object_component id="oc-17f">
         <name>.debug_info</name>
         <load_address>0x103de</load_address>
         <run_address>0x103de</run_address>
         <size>0x145</size>
         <input_file_ref idref="fl-f"/>
      </object_component>
      <object_component id="oc-fb">
         <name>.debug_info</name>
         <load_address>0x10523</load_address>
         <run_address>0x10523</run_address>
         <size>0x1e7c</size>
         <input_file_ref idref="fl-f"/>
      </object_component>
      <object_component id="oc-188">
         <name>.debug_info</name>
         <load_address>0x1239f</load_address>
         <run_address>0x1239f</run_address>
         <size>0x1dc</size>
         <input_file_ref idref="fl-f"/>
      </object_component>
      <object_component id="oc-9d">
         <name>.debug_info</name>
         <load_address>0x1257b</load_address>
         <run_address>0x1257b</run_address>
         <size>0x266</size>
         <input_file_ref idref="fl-10"/>
      </object_component>
      <object_component id="oc-90">
         <name>.debug_info</name>
         <load_address>0x127e1</load_address>
         <run_address>0x127e1</run_address>
         <size>0x17e</size>
         <input_file_ref idref="fl-10"/>
      </object_component>
      <object_component id="oc-9a">
         <name>.debug_info</name>
         <load_address>0x1295f</load_address>
         <run_address>0x1295f</run_address>
         <size>0x199</size>
         <input_file_ref idref="fl-10"/>
      </object_component>
      <object_component id="oc-3c">
         <name>.debug_info</name>
         <load_address>0x12af8</load_address>
         <run_address>0x12af8</run_address>
         <size>0xaaa</size>
         <input_file_ref idref="fl-10"/>
      </object_component>
      <object_component id="oc-39">
         <name>.debug_info</name>
         <load_address>0x135a2</load_address>
         <run_address>0x135a2</run_address>
         <size>0x2ba</size>
         <input_file_ref idref="fl-11"/>
      </object_component>
      <object_component id="oc-1ab">
         <name>.debug_info</name>
         <load_address>0x1385c</load_address>
         <run_address>0x1385c</run_address>
         <size>0x1bc</size>
         <input_file_ref idref="fl-12"/>
      </object_component>
      <object_component id="oc-136">
         <name>.debug_info</name>
         <load_address>0x13a18</load_address>
         <run_address>0x13a18</run_address>
         <size>0x1d2</size>
         <input_file_ref idref="fl-12"/>
      </object_component>
      <object_component id="oc-2b9">
         <name>.debug_info</name>
         <load_address>0x13bea</load_address>
         <run_address>0x13bea</run_address>
         <size>0xfb</size>
         <input_file_ref idref="fl-13"/>
      </object_component>
      <object_component id="oc-1e2">
         <name>.debug_info</name>
         <load_address>0x13ce5</load_address>
         <run_address>0x13ce5</run_address>
         <size>0x3bb</size>
         <input_file_ref idref="fl-13"/>
      </object_component>
      <object_component id="oc-342">
         <name>.debug_info</name>
         <load_address>0x140a0</load_address>
         <run_address>0x140a0</run_address>
         <size>0xc8</size>
         <input_file_ref idref="fl-13"/>
      </object_component>
      <object_component id="oc-26">
         <name>.debug_info</name>
         <load_address>0x14168</load_address>
         <run_address>0x14168</run_address>
         <size>0x134</size>
         <input_file_ref idref="fl-13a"/>
      </object_component>
      <object_component id="oc-4f">
         <name>.debug_info</name>
         <load_address>0x1429c</load_address>
         <run_address>0x1429c</run_address>
         <size>0x121</size>
         <input_file_ref idref="fl-13b"/>
      </object_component>
      <object_component id="oc-13">
         <name>.debug_info</name>
         <load_address>0x143bd</load_address>
         <run_address>0x143bd</run_address>
         <size>0x1c0</size>
         <input_file_ref idref="fl-13b"/>
      </object_component>
      <object_component id="oc-4a">
         <name>.debug_info</name>
         <load_address>0x1457d</load_address>
         <run_address>0x1457d</run_address>
         <size>0x46</size>
         <input_file_ref idref="fl-13b"/>
      </object_component>
      <object_component id="oc-b0">
         <name>.debug_info</name>
         <load_address>0x145c3</load_address>
         <run_address>0x145c3</run_address>
         <size>0x2c</size>
         <input_file_ref idref="fl-13b"/>
      </object_component>
      <object_component id="oc-57">
         <name>.debug_info</name>
         <load_address>0x145ef</load_address>
         <run_address>0x145ef</run_address>
         <size>0x115</size>
         <input_file_ref idref="fl-13c"/>
      </object_component>
      <object_component id="oc-51">
         <name>.debug_info</name>
         <load_address>0x14704</load_address>
         <run_address>0x14704</run_address>
         <size>0x228</size>
         <input_file_ref idref="fl-13c"/>
      </object_component>
      <object_component id="oc-19">
         <name>.debug_info</name>
         <load_address>0x1492c</load_address>
         <run_address>0x1492c</run_address>
         <size>0x192</size>
         <input_file_ref idref="fl-13c"/>
      </object_component>
      <object_component id="oc-58">
         <name>.debug_info</name>
         <load_address>0x14abe</load_address>
         <run_address>0x14abe</run_address>
         <size>0x39</size>
         <input_file_ref idref="fl-13c"/>
      </object_component>
      <object_component id="oc-ba">
         <name>.debug_info</name>
         <load_address>0x14af7</load_address>
         <run_address>0x14af7</run_address>
         <size>0x2c</size>
         <input_file_ref idref="fl-13c"/>
      </object_component>
      <object_component id="oc-68">
         <name>.debug_info</name>
         <load_address>0x14b23</load_address>
         <run_address>0x14b23</run_address>
         <size>0x110</size>
         <input_file_ref idref="fl-13d"/>
      </object_component>
      <object_component id="oc-20">
         <name>.debug_info</name>
         <load_address>0x14c33</load_address>
         <run_address>0x14c33</run_address>
         <size>0x18b</size>
         <input_file_ref idref="fl-13d"/>
      </object_component>
      <object_component id="oc-63">
         <name>.debug_info</name>
         <load_address>0x14dbe</load_address>
         <run_address>0x14dbe</run_address>
         <size>0x46</size>
         <input_file_ref idref="fl-13d"/>
      </object_component>
      <object_component id="oc-da">
         <name>.debug_info</name>
         <load_address>0x14e04</load_address>
         <run_address>0x14e04</run_address>
         <size>0x172</size>
         <input_file_ref idref="fl-13e"/>
      </object_component>
      <object_component id="oc-d7">
         <name>.debug_info</name>
         <load_address>0x14f76</load_address>
         <run_address>0x14f76</run_address>
         <size>0x117</size>
         <input_file_ref idref="fl-13e"/>
      </object_component>
      <object_component id="oc-7c">
         <name>.debug_info</name>
[...]
         <value>0x39cd</value>
         <object_component_ref idref="oc-20e"/>
      </symbol>
      <symbol id="sm-6fe">
         <name>_system_pre_init</name>
         <value>0x77d9</value>
         <object_component_ref idref="oc-69"/>
      </symbol>
      <symbol id="sm-71c">
         <name>printf</name>
         <value>0x6db5</value>
         <object_component_ref idref="oc-1e7"/>
      </symbol>
      <symbol id="sm-735">
         <name>sprintf</name>
         <value>0x7029</value>
         <object_component_ref idref="oc-1ed"/>
      </symbol>
      <symbol id="sm-73d">
         <name>main_func_sp</name>
         <value>0x2000db84</value>
         <object_component_ref idref="oc-81"/>
      </symbol>
      <symbol id="sm-75c">
         <name>_Dint</name>
         <value>0x6789</value>
         <object_component_ref idref="oc-2e2"/>
      </symbol>
      <symbol id="sm-770">
         <name>_Dunscale</name>
         <value>0x6f5d</value>
         <object_component_ref idref="oc-2dc"/>
      </symbol>
      <symbol id="sm-7a4">
         <name>_Exp</name>
         <value>0x5065</value>
         <object_component_ref idref="oc-2fd"/>
      </symbol>
      <symbol id="sm-7b3">
         <name>_Feraise</name>
         <value>0x7539</value>
         <object_component_ref idref="oc-2ed"/>
      </symbol>
      <symbol id="sm-7e3">
         <name>_Log</name>
         <value>0x48a9</value>
         <object_component_ref idref="oc-2d3"/>
      </symbol>
      <symbol id="sm-7f3">
         <name>_Rteps</name>
         <value>0x2000da48</value>
         <object_component_ref idref="oc-303"/>
      </symbol>
      <symbol id="sm-7f4">
         <name>_Zero</name>
         <value>0x2000da60</value>
         <object_component_ref idref="oc-303"/>
      </symbol>
      <symbol id="sm-7f5">
         <name>_Hugeval</name>
         <value>0x2000da08</value>
         <object_component_ref idref="oc-303"/>
      </symbol>
      <symbol id="sm-7f6">
         <name>_Snan</name>
         <value>0x2000da38</value>
         <object_component_ref idref="oc-303"/>
      </symbol>
      <symbol id="sm-7f7">
         <name>_Nan</name>
         <value>0x2000da28</value>
         <object_component_ref idref="oc-303"/>
      </symbol>
      <symbol id="sm-7f8">
         <name>_Inf</name>
         <value>0x2000da18</value>
         <object_component_ref idref="oc-303"/>
      </symbol>
      <symbol id="sm-7f9">
         <name>_Xbig</name>
         <value>0x2000da58</value>
         <object_component_ref idref="oc-303"/>
      </symbol>
      <symbol id="sm-7fa">
         <name>_Eps</name>
         <value>0x2000d9f8</value>
         <object_component_ref idref="oc-303"/>
      </symbol>
      <symbol id="sm-7fb">
         <name>_Denorm</name>
         <value>0x2000d9e8</value>
         <object_component_ref idref="oc-303"/>
      </symbol>
      <symbol id="sm-814">
         <name>_nop</name>
         <value>0x775b</value>
         <object_component_ref idref="oc-15a"/>
      </symbol>
      <symbol id="sm-815">
         <name>_lock</name>
         <value>0x2000db5c</value>
         <object_component_ref idref="oc-d3"/>
      </symbol>
      <symbol id="sm-816">
         <name>_unlock</name>
         <value>0x2000db60</value>
         <object_component_ref idref="oc-d3"/>
      </symbol>
      <symbol id="sm-817">
         <name>_register_lock</name>
         <value>0x7753</value>
         <object_component_ref idref="oc-15a"/>
      </symbol>
      <symbol id="sm-818">
         <name>_register_unlock</name>
         <value>0x774d</value>
         <object_component_ref idref="oc-15a"/>
      </symbol>
      <symbol id="sm-91d">
         <name>__TI_printfi</name>
         <value>0x2785</value>
         <object_component_ref idref="oc-2c0"/>
      </symbol>
      <symbol id="sm-932">
         <name>_args_main</name>
         <value>0x76f1</value>
         <object_component_ref idref="oc-75"/>
      </symbol>
      <symbol id="sm-948">
         <name>atoi</name>
         <value>0x71cd</value>
         <object_component_ref idref="oc-395"/>
      </symbol>
      <symbol id="sm-96e">
         <name>__TI_auto_init</name>
         <value>0x6e1d</value>
         <object_component_ref idref="oc-6f"/>
      </symbol>
      <symbol id="sm-988">
         <name>copy_in</name>
         <value>0x7219</value>
         <object_component_ref idref="oc-c3"/>
      </symbol>
      <symbol id="sm-993">
         <name>_ctypes_</name>
         <value>0x7900</value>
         <object_component_ref idref="oc-430"/>
      </symbol>
      <symbol id="sm-9ac">
         <name>__aeabi_stdout</name>
         <value>0x2000db38</value>
         <object_component_ref idref="oc-404"/>
      </symbol>
      <symbol id="sm-9ad">
         <name>__TI_tmpnams</name>
         <value>0x2000c570</value>
         <object_component_ref idref="oc-4f0"/>
      </symbol>
      <symbol id="sm-9ae">
         <name>__aeabi_stderr</name>
         <value>0x2000db3c</value>
         <object_component_ref idref="oc-404"/>
      </symbol>
      <symbol id="sm-9af">
         <name>__aeabi_stdin</name>
         <value>0x2000db34</value>
         <object_component_ref idref="oc-404"/>
      </symbol>
      <symbol id="sm-9b0">
         <name>_ftable</name>
         <value>0x2000d778</value>
         <object_component_ref idref="oc-2c6"/>
      </symbol>
      <symbol id="sm-9b1">
         <name>__TI_ft_end</name>
         <value>0x2000db30</value>
         <object_component_ref idref="oc-404"/>
      </symbol>
      <symbol id="sm-9b9">
         <name>_Errno</name>
         <value>0x2000db7c</value>
         <object_component_ref idref="oc-3d3"/>
      </symbol>
      <symbol id="sm-9e0">
         <name>__aeabi_cdcmpeq</name>
         <value>0x6ba5</value>
         <object_component_ref idref="oc-2e8"/>
      </symbol>
      <symbol id="sm-9e1">
         <name>__aeabi_cdcmple</name>
         <value>0x6ba5</value>
         <object_component_ref idref="oc-2e8"/>
      </symbol>
      <symbol id="sm-9e2">
         <name>__aeabi_cdrcmple</name>
         <value>0x6c2b</value>
         <object_component_ref idref="oc-36c"/>
      </symbol>
      <symbol id="sm-9f0">
         <name>__aeabi_d2iz</name>
         <value>0x72ad</value>
         <object_component_ref idref="oc-2f8"/>
      </symbol>
      <symbol id="sm-a0e">
         <name>feraiseexcept</name>
         <value>0x74a5</value>
         <object_component_ref idref="oc-3cd"/>
      </symbol>
      <symbol id="sm-a0f">
         <name>_Tls_setup__Fenv</name>
         <value>0x2000db70</value>
         <object_component_ref idref="oc-450"/>
      </symbol>
      <symbol id="sm-a10">
         <name>_Fenv</name>
         <value>0x2000db6c</value>
         <object_component_ref idref="oc-450"/>
      </symbol>
      <symbol id="sm-a32">
         <name>puts</name>
         <value>0x5f9d</value>
         <object_component_ref idref="oc-2ba"/>
      </symbol>
      <symbol id="sm-a33">
         <name>fputs</name>
         <value>0x5e91</value>
         <object_component_ref idref="oc-2ba"/>
      </symbol>
      <symbol id="sm-a40">
         <name>frexp</name>
         <value>0x761d</value>
         <object_component_ref idref="oc-377"/>
      </symbol>
      <symbol id="sm-a4c">
         <name>__aeabi_i2d</name>
         <value>0x7597</value>
         <object_component_ref idref="oc-2f3"/>
      </symbol>
      <symbol id="sm-a5d">
         <name>ldexp</name>
         <value>0x70df</value>
         <object_component_ref idref="oc-37d"/>
      </symbol>
      <symbol id="sm-aaf">
         <name>open</name>
         <value>0x46db</value>
         <object_component_ref idref="oc-35f"/>
      </symbol>
      <symbol id="sm-ab0">
         <name>add_device</name>
         <value>0x47fd</value>
         <object_component_ref idref="oc-35f"/>
      </symbol>
      <symbol id="sm-ab1">
         <name>remove_device</name>
         <value>0x468f</value>
         <object_component_ref idref="oc-35f"/>
      </symbol>
      <symbol id="sm-ab2">
         <name>lseek</name>
         <value>0x4789</value>
         <object_component_ref idref="oc-35f"/>
      </symbol>
      <symbol id="sm-ab3">
         <name>read</name>
         <value>0x46b7</value>
         <object_component_ref idref="oc-35f"/>
      </symbol>
      <symbol id="sm-ab4">
         <name>rename</name>
         <value>0x4651</value>
         <object_component_ref idref="oc-35f"/>
      </symbol>
      <symbol id="sm-ab5">
         <name>write</name>
         <value>0x459d</value>
         <object_component_ref idref="oc-35f"/>
      </symbol>
      <symbol id="sm-ab6">
         <name>close</name>
         <value>0x47ad</value>
         <object_component_ref idref="oc-35f"/>
      </symbol>
      <symbol id="sm-ab7">
         <name>unlink</name>
         <value>0x462d</value>
         <object_component_ref idref="oc-35f"/>
      </symbol>
      <symbol id="sm-ac6">
         <name>ltoa</name>
         <value>0x7089</value>
         <object_component_ref idref="oc-371"/>
      </symbol>
      <symbol id="sm-ad6">
         <name>memccpy</name>
         <value>0x76a1</value>
         <object_component_ref idref="oc-38f"/>
      </symbol>
      <symbol id="sm-ae6">
         <name>memchr</name>
         <value>0x7647</value>
         <object_component_ref idref="oc-353"/>
      </symbol>
      <symbol id="sm-afa">
         <name>raise</name>
         <value>0x75c5</value>
         <object_component_ref idref="oc-44a"/>
      </symbol>
      <symbol id="sm-b14">
         <name>signal</name>
         <value>0x7381</value>
         <object_component_ref idref="oc-4a1"/>
      </symbol>
      <symbol id="sm-b24">
         <name>strchr</name>
         <value>0x7737</value>
         <object_component_ref idref="oc-383"/>
      </symbol>
      <symbol id="sm-b33">
         <name>strcmp</name>
         <value>0x7709</value>
         <object_component_ref idref="oc-409"/>
      </symbol>
      <symbol id="sm-b41">
         <name>strlen</name>
         <value>0x7775</value>
         <object_component_ref idref="oc-34d"/>
      </symbol>
      <symbol id="sm-b51">
         <name>strncpy</name>
         <value>0x74d9</value>
         <object_component_ref idref="oc-40f"/>
      </symbol>
      <symbol id="sm-b72">
         <name>HOSTgetenv</name>
         <value>0x4dab</value>
         <object_component_ref idref="oc-47f"/>
      </symbol>
      <symbol id="sm-b73">
         <name>HOSTrename</name>
         <value>0x4c53</value>
         <object_component_ref idref="oc-47f"/>
      </symbol>
      <symbol id="sm-b74">
         <name>HOSTclose</name>
         <value>0x4de9</value>
         <object_component_ref idref="oc-47f"/>
      </symbol>
      <symbol id="sm-b75">
         <name>HOSTunlink</name>
         <value>0x4be1</value>
         <object_component_ref idref="oc-47f"/>
      </symbol>
      <symbol id="sm-b76">
         <name>HOSTlseek</name>
         <value>0x4d4f</value>
         <object_component_ref idref="oc-47f"/>
      </symbol>
      <symbol id="sm-b77">
         <name>HOSTopen</name>
         <value>0x4cfd</value>
         <object_component_ref idref="oc-47f"/>
      </symbol>
      <symbol id="sm-b78">
         <name>HOSTclock</name>
         <value>0x4e21</value>
         <object_component_ref idref="oc-47f"/>
      </symbol>
      <symbol id="sm-b79">
         <name>HOSTwrite</name>
         <value>0x4b95</value>
         <object_component_ref idref="oc-47f"/>
      </symbol>
      <symbol id="sm-b7a">
         <name>HOSTread</name>
         <value>0x4cb1</value>
         <object_component_ref idref="oc-47f"/>
      </symbol>
      <symbol id="sm-b7b">
         <name>HOSTtime</name>
         <value>0x4c19</value>
         <object_component_ref idref="oc-47f"/>
      </symbol>
      <symbol id="sm-b96">
         <name>__TI_readmsg</name>
         <value>0x6f27</value>
         <object_component_ref idref="oc-4c9"/>
      </symbol>
      <symbol id="sm-b97">
         <name>C$$IO$$</name>
         <value>0x6f23</value>
         <object_component_ref idref="oc-4c9"/>
      </symbol>
      <symbol id="sm-b98">
         <name>__CIOBUF_</name>
         <value>0x2000c350</value>
         <object_component_ref idref="oc-4f7"/>
      </symbol>
      <symbol id="sm-b99">
         <name>__TI_writemsg</name>
         <value>0x6ef5</value>
         <object_component_ref idref="oc-4c9"/>
      </symbol>
      <symbol id="sm-bc3">
         <name>__aeabi_uldivmod</name>
         <value>0x5261</value>
         <object_component_ref idref="oc-367"/>
      </symbol>
      <symbol id="sm-bd1">
         <name>_Dclass</name>
         <value>0x7509</value>
         <object_component_ref idref="oc-389"/>
      </symbol>
      <symbol id="sm-be6">
         <name>_Dnorm</name>
         <value>0x6849</value>
         <object_component_ref idref="oc-3c0"/>
      </symbol>
      <symbol id="sm-c02">
         <name>_Dscale</name>
         <value>0x6221</value>
         <object_component_ref idref="oc-3d9"/>
      </symbol>
      <symbol id="sm-c11">
         <name>_FZero</name>
         <value>0x2000dacc</value>
         <object_component_ref idref="oc-3b8"/>
      </symbol>
      <symbol id="sm-c12">
         <name>_FRteps</name>
         <value>0x2000dab8</value>
         <object_component_ref idref="oc-3b8"/>
      </symbol>
      <symbol id="sm-c13">
         <name>_FSnan</name>
         <value>0x2000daa8</value>
         <object_component_ref idref="oc-3b8"/>
      </symbol>
      <symbol id="sm-c14">
         <name>_FNan</name>
         <value>0x2000da98</value>
         <object_component_ref idref="oc-3b8"/>
      </symbol>
      <symbol id="sm-c15">
         <name>_FInf</name>
         <value>0x2000da88</value>
         <object_component_ref idref="oc-3b8"/>
      </symbol>
      <symbol id="sm-c16">
         <name>_FEps</name>
         <value>0x2000da78</value>
         <object_component_ref idref="oc-3b8"/>
      </symbol>
      <symbol id="sm-c17">
         <name>_FXbig</name>
         <value>0x2000dac8</value>
         <object_component_ref idref="oc-3b8"/>
      </symbol>
      <symbol id="sm-c18">
         <name>_FDenorm</name>
         <value>0x2000da68</value>
         <object_component_ref idref="oc-3b8"/>
      </symbol>
      <symbol id="sm-c36">
         <name>__TI_wrt_ok</name>
         <value>0x69c5</value>
         <object_component_ref idref="oc-347"/>
      </symbol>
      <symbol id="sm-c37">
         <name>__TI_rd_ok</name>
         <value>0x6a27</value>
         <object_component_ref idref="oc-347"/>
      </symbol>
      <symbol id="sm-c51">
         <name>__TI_doflush</name>
         <value>0x66c1</value>
         <object_component_ref idref="oc-359"/>
      </symbol>
      <symbol id="sm-c52">
         <name>fflush</name>
         <value>0x670d</value>
         <object_component_ref idref="oc-359"/>
      </symbol>
      <symbol id="sm-c64">
         <name>fseek</name>
         <value>0x6fc5</value>
         <object_component_ref idref="oc-3f2"/>
      </symbol>
      <symbol id="sm-c80">
         <name>setvbuf</name>
         <value>0x6511</value>
         <object_component_ref idref="oc-3f8"/>
      </symbol>
      <symbol id="sm-c8e">
         <name>strcpy</name>
         <value>0x7761</value>
         <object_component_ref idref="oc-4cf"/>
      </symbol>
      <symbol id="sm-cc5">
         <name>__TI_cleanup</name>
         <value>0x551d</value>
         <object_component_ref idref="oc-464"/>
      </symbol>
      <symbol id="sm-cc6">
         <name>freopen</name>
         <value>0x5549</value>
         <object_component_ref idref="oc-464"/>
      </symbol>
      <symbol id="sm-cc7">
         <name>fopen</name>
         <value>0x5573</value>
         <object_component_ref idref="oc-464"/>
      </symbol>
      <symbol id="sm-d39">
         <name>_sys_memory</name>
         <value>0x2000cf78</value>
         <object_component_ref idref="oc-2a"/>
      </symbol>
      <symbol id="sm-d3a">
         <name>free</name>
         <value>0x3f5b</value>
         <object_component_ref idref="oc-45e"/>
      </symbol>
      <symbol id="sm-d3b">
         <name>realloc</name>
         <value>0x401d</value>
         <object_component_ref idref="oc-45e"/>
      </symbol>
      <symbol id="sm-d3c">
         <name>memalign</name>
         <value>0x4129</value>
         <object_component_ref idref="oc-45e"/>
      </symbol>
      <symbol id="sm-d3d">
         <name>calloc</name>
         <value>0x420d</value>
         <object_component_ref idref="oc-45e"/>
      </symbol>
      <symbol id="sm-d3e">
         <name>malloc</name>
         <value>0x3ef3</value>
         <object_component_ref idref="oc-45e"/>
      </symbol>
      <symbol id="sm-d3f">
         <name>minit</name>
         <value>0x3e65</value>
         <object_component_ref idref="oc-45e"/>
      </symbol>
      <symbol id="sm-d55">
         <name>__TI_closefile</name>
         <value>0x6b0d</value>
         <object_component_ref idref="oc-4ba"/>
      </symbol>
      <symbol id="sm-d56">
         <name>fclose</name>
         <value>0x6b73</value>
         <object_component_ref idref="oc-4ba"/>
      </symbol>
      <symbol id="sm-dd7">
         <name>SysCtlPeripheralEnable</name>
         <value>0x7471</value>
         <object_component_ref idref="oc-1ae"/>
      </symbol>
      <symbol id="sm-dd8">
         <name>SysCtlClockFreqSet</name>
         <value>0x4e69</value>
         <object_component_ref idref="oc-1a4"/>
      </symbol>
      <symbol id="sm-e0e">
         <name>GPIOPinTypeGPIOOutput</name>
         <value>0x76d7</value>
         <object_component_ref idref="oc-1b4"/>
      </symbol>
      <symbol id="sm-e0f">
         <name>GPIOPinRead</name>
         <value>0x77c7</value>
         <object_component_ref idref="oc-1c0"/>
      </symbol>
      <symbol id="sm-e10">
         <name>GPIODirModeSet</name>
         <value>0x75f3</value>
         <object_component_ref idref="oc-29e"/>
      </symbol>
      <symbol id="sm-e11">
         <name>GPIOPinWrite</name>
         <value>0x77cd</value>
         <object_component_ref idref="oc-1c6"/>
      </symbol>
      <symbol id="sm-e12">
         <name>GPIOPadConfigSet</name>
         <value>0x5fc5</value>
         <object_component_ref idref="oc-1ba"/>
      </symbol>
      <symbol id="sm-e5d">
         <name>ADCProcessorTrigger</name>
         <value>0x7721</value>
         <object_component_ref idref="oc-230"/>
      </symbol>
      <symbol id="sm-e5e">
         <name>ADCSequenceEnable</name>
         <value>0x7789</value>
         <object_component_ref idref="oc-22a"/>
      </symbol>
      <symbol id="sm-e5f">
         <name>ADCSequenceConfigure</name>
         <value>0x73c1</value>
         <object_component_ref idref="oc-21e"/>
      </symbol>
      <symbol id="sm-e60">
         <name>ADCSequenceStepConfigure</name>
         <value>0x6cb1</value>
         <object_component_ref idref="oc-224"/>
      </symbol>
      <symbol id="sm-e61">
         <name>ADCIntClear</name>
         <value>0x77bd</value>
         <object_component_ref idref="oc-242"/>
      </symbol>
      <symbol id="sm-e62">
         <name>ADCIntStatus</name>
         <value>0x7569</value>
         <object_component_ref idref="oc-236"/>
      </symbol>
      <symbol id="sm-e63">
         <name>ADCSequenceDataGet</name>
         <value>0x7667</value>
         <object_component_ref idref="oc-23c"/>
      </symbol>
      <symbol id="sm-e64">
         <name>__TI_static_base__</name>
         <value>0x0</value>
      </symbol>
      <symbol id="sm-e67">
         <name>SHT$$INIT_ARRAY$$Limit</name>
         <value>0x0</value>
      </symbol>
      <symbol id="sm-e68">
         <name>SHT$$INIT_ARRAY$$Base</name>
         <value>0x0</value>
      </symbol>
      <symbol id="sm-e69">
         <name>remove</name>
         <value>0x462d</value>
      </symbol>
   </symbol_table>
   <title>Link successful</title>
</link_info>
